/data/misc/radvd
/data/misc/wifi/wpa_supplicant.conf
/data/misc/zoneinfo/current/icu/icu_tzdata.dat
/etc/bluetooth/auto_pair_blacklist.conf
/etc/bluetooth/auto_pair_devlist.conf
/etc/bluetooth/bt_did.conf
/etc/bluetooth/bt_stack.conf
/etc/bluetooth/btconfig.xml
/etc/clatd.conf
/etc/custom.conf
/etc/dhcpcd/dhcpcd-hooks/20-dns.conf
/etc/dhcpcd/dhcpcd-hooks/95-configured
/etc/dhcpcd/dhcpcd-run-hooks
/etc/firmware/A4_15_2.2_AA.fw
/etc/firmware/A4_15_2.2_AA.raw
/etc/firmware/WIFI_RAM_CODE_MT6630
/etc/firmware/WMT.cfg
/etc/firmware/WMT_SOC.cfg
/etc/firmware/catcher_filter_1_ltg_n.bin
/etc/firmware/catcher_filter_1_lwg_n.bin
/etc/firmware/dsp_1_ltg_n.bin
/etc/firmware/dsp_1_lwg_n.bin
/etc/firmware/md32_d.bin
/etc/firmware/md32_p.bin
/etc/firmware/modem_1_ltg_n.img
/etc/firmware/modem_1_lwg_n.img
/etc/firmware/mt6630/mt6630_fm_v1_coeff.bin
/etc/firmware/mt6630/mt6630_fm_v1_coeff_tx.bin
/etc/firmware/mt6630/mt6630_fm_v1_patch.bin
/etc/firmware/mt6630/mt6630_fm_v1_patch_tx.bin
/etc/firmware/mt6630/mt6630_fm_v2_coeff.bin
/etc/firmware/mt6630/mt6630_fm_v2_coeff_tx.bin
/etc/firmware/mt6630/mt6630_fm_v2_patch.bin
/etc/firmware/mt6630/mt6630_fm_v2_patch_tx.bin
/etc/firmware/mt6630/mt6630_fm_v3_coeff.bin
/etc/firmware/mt6630/mt6630_fm_v3_coeff_tx.bin
/etc/firmware/mt6630/mt6630_fm_v3_patch.bin
/etc/firmware/mt6630/mt6630_fm_v3_patch_tx.bin
/etc/firmware/mt6630/mt6630_fm_v4_coeff.bin
/etc/firmware/mt6630/mt6630_fm_v4_coeff_tx.bin
/etc/firmware/mt6630/mt6630_fm_v4_patch.bin
/etc/firmware/mt6630/mt6630_fm_v4_patch_tx.bin
/etc/firmware/mt6630/mt6630_fm_v5_coeff.bin
/etc/firmware/mt6630/mt6630_fm_v5_coeff_tx.bin
/etc/firmware/mt6630/mt6630_fm_v5_patch.bin
/etc/firmware/mt6630/mt6630_fm_v5_patch_tx.bin
/etc/firmware/mt6630_ant_m1.cfg
/etc/firmware/mt6630_patch_e1_hdr.bin
/etc/firmware/mt6630_patch_e2_hdr.bin
/etc/firmware/mt6630_patch_e3_0_hdr.bin
/etc/firmware/mt6630_patch_e3_1_hdr.bin
/etc/mddb/BPLGUInfoCustomAppSrcP_MT6795_S00_MOLY_LR9_W1423_MD_LWTG_MP_V24_P37_1_ltg_n
/etc/mddb/BPLGUInfoCustomAppSrcP_MT6795_S00_MOLY_LR9_W1423_MD_LWTG_MP_V24_P37_1_lwg_n
/etc/mddb/DbgInfo_LR9.W1423.MD.LWTG.MP_LCSH6795_LWT_L_MOLY_LR9_W1423_MD_LWTG_MP_V24_P37_2015_10_15_21_51_1_ltg_n
/etc/mddb/DbgInfo_LR9.W1423.MD.LWTG.MP_LCSH6795_LWT_L_MOLY_LR9_W1423_MD_LWTG_MP_V24_P37_2015_10_15_21_53_1_lwg_n
/etc/mtk_omx_core.cfg
/etc/mtklog-config.prop
/etc/radvd/radvd.conf
/etc/wifi/p2p_supplicant_overlay.conf
/etc/wifi/wpa_supplicant.conf
/etc/wifi/wpa_supplicant_overlay.conf
/sbin/make_ext4fs
/sbin/system/libm.so
/system/bin/6620_launcher
/system/bin/6620_wmt_concurrency
/system/bin/6620_wmt_lpbk
/system/bin/AcdApiDaemon
/system/bin/MtkCodecService
/system/bin/aal
/system/bin/aee
/system/bin/aee_archive
/system/bin/aee_core_forwarder
/system/bin/aee_dumpstate
/system/bin/akmd8963
/system/bin/akmd8975
/system/bin/ami304d
/system/bin/app_process32
/system/bin/atci_service
/system/bin/atcid
/system/bin/audiocmdservice_atci
/system/bin/autokd
/system/bin/badblocks
/system/bin/batterywarning
/system/bin/bmi160d
/system/bin/bmm050d
/system/bin/boot_logo_updater
/system/bin/btconfig
/system/bin/btlogmask
/system/bin/capture_audio.sh
/system/bin/ccci_fsd
/system/bin/ccci_mdinit
/system/bin/consumerird
/system/bin/dhcp6c
/system/bin/dhcp6ctl
/system/bin/dhcp6s
/system/bin/dmlog
/system/bin/dualmdlogger
/system/bin/em_svr
/system/bin/emdlogger1
/system/bin/evi
/system/bin/factory
/system/bin/fotabinder
/system/bin/fsck_msdos_mtk
/system/bin/fuelgauged
/system/bin/geomagneticd
/system/bin/gsm0710muxd
/system/bin/gsm0710muxdmd2
/system/bin/guiext-server
/system/bin/hostapd
/system/bin/hostapd_cli
/system/bin/init.atmel_ts.sh
/system/bin/kpoc_charger
/system/bin/lcdc_screen_cap
/system/bin/lsm303md
/system/bin/magd
/system/bin/make_ext4fs
/system/bin/matv
/system/bin/mc6420d
/system/bin/mcd
/system/bin/md_ctrl
/system/bin/mdlogger
/system/bin/memorydumper
/system/bin/memsicd
/system/bin/memsicd3416x
/system/bin/meta_tst
/system/bin/mfv_ut
/system/bin/mmp
/system/bin/mobile_log_d
/system/bin/mpud6050
/system/bin/msensord
/system/bin/mtk_agpsd
/system/bin/mtk_setprop
/system/bin/mtkbt
/system/bin/mtkrild
/system/bin/mtkrildmd2
/system/bin/muxreport
/system/bin/netcfg
/system/bin/netdiag
/system/bin/nvram_agent_binder
/system/bin/nvram_daemon
/system/bin/orientationd
/system/bin/perf_native_test
/system/bin/permission_check
/system/bin/playback_audio.sh
/system/bin/ppl_agent
/system/bin/pppd
/system/bin/pppd_btdun
/system/bin/pppd_dt
/system/bin/pq
/system/bin/racoon
/system/bin/radvd
/system/bin/rtt
/system/bin/run-as
/system/bin/s62xd
/system/bin/screencolor
/system/bin/sn
/system/bin/stp_dump3
/system/bin/surfaceflinger
/system/bin/terservice
/system/bin/tertestclient
/system/bin/thermal
/system/bin/thermal_manager
/system/bin/thermald
/system/bin/tiny_mkswap
/system/bin/tiny_swapoff
/system/bin/tiny_swapon
/system/bin/wifi2agps
/system/bin/wmt_loader
/system/bin/xlog
/system/bin/yamaha537
/system/etc/clatd.conf
/system/etc/compiled-classes
/system/etc/init/surfaceflinger.rc
/system/etc/preloaded-classes
/system/etc/wifi/p2p_supplicant_overlay.conf
/system/etc/wifi/wpa_supplicant.conf
/system/etc/wifi/wpa_supplicant_overlay.conf
/system/fonts/DroidSansFallback.ttf
/system/framework/tcmclient.jar
/system/lib/drm/libdrmmtkplugin.so
/system/lib/egl/egl.cfg
/system/lib/egl/libGLES_android.so
/system/lib/hw/audio.primary.mt6795.so
/system/lib/hw/audio.r_submix.default.so
/system/lib/hw/audio.usb.default.so
/system/lib/hw/audio_policy.stub.so
/system/lib/hw/camera.mt6795.so
/system/lib/hw/consumerir.default.so
/system/lib/hw/gps.default.so
/system/lib/hw/gralloc.default.so
/system/lib/hw/hwcomposer.mt6795.so
/system/lib/hw/lights.default.so
/system/lib/hw/memtrack.mt6795.so
/system/lib/hw/mmsdk.default.so
/system/lib/hw/sensors.mt6795.so
/system/lib/lib3a.so
/system/lib/lib3a_sample.so
/system/lib/libAGifEncoder.so
/system/lib/libBnMtkCodec.so
/system/lib/libCameraEffectJNI.so
/system/lib/libClearMotionFW.so
/system/lib/libDiracAPI_SHARED.so
/system/lib/libEGL.so
/system/lib/libFaceProc.so
/system/lib/libGLESv3.so
/system/lib/libGdmaScalerPipe.so
/system/lib/libImageSearchAPI.so
/system/lib/libJniAtvService.so
/system/lib/libJpgDecPipe.so
/system/lib/libJpgEncPipe.so
/system/lib/libMtkOmxAdpcmDec.so
/system/lib/libMtkOmxAdpcmEnc.so
/system/lib/libMtkOmxAlacDec.so
/system/lib/libMtkOmxApeDec.so
/system/lib/libMtkOmxCore.so
/system/lib/libMtkOmxFlacDec.so
/system/lib/libMtkOmxG711Dec.so
/system/lib/libMtkOmxGsmDec.so
/system/lib/libMtkOmxMp3Dec.so
/system/lib/libMtkOmxRawDec.so
/system/lib/libMtkOmxVdec.so
/system/lib/libMtkOmxVenc.so
/system/lib/libMtkOmxVorbisEnc.so
/system/lib/libMtkVideoSpeedEffect.so
/system/lib/libMtkVideoTranscoder.so
/system/lib/libPQDCjni.so
/system/lib/libPQjni.so
/system/lib/libSwJpgCodec.so
/system/lib/liba3m.so
/system/lib/libaal.so
/system/lib/libaal_cust.so
/system/lib/libacdk.so
/system/lib/libadpcm.so
/system/lib/libaed.so
/system/lib/libandroid_runtime.so
/system/lib/libart.so
/system/lib/libatciserv_jni.so
/system/lib/libatvctrlservice.so
/system/lib/libaudio-resampler.so
/system/lib/libaudiocompensationfilter.so
/system/lib/libaudiocomponentengine.so
/system/lib/libaudiocustparam.so
/system/lib/libaudiodcrflt.so
/system/lib/libaudiomtkdcremoval.so
/system/lib/libaudiopolicymanager.so
/system/lib/libaudiopolicymanagerdefault.so
/system/lib/libaudiosetting.so
/system/lib/libbessound_hd_mtk.so
/system/lib/libbessurround_mtk.so
/system/lib/libblisrc.so
/system/lib/libblisrc32.so
/system/lib/libbluetooth_mtk.so
/system/lib/libbluetooth_relayer.so
/system/lib/libbluetoothdrv.so
/system/lib/libbluetoothem_mtk.so
/system/lib/libbtcust.so
/system/lib/libbtcusttable.so
/system/lib/libbtcusttc1.so
/system/lib/libbtem.so
/system/lib/libbtpcm.so
/system/lib/libbtsession.so
/system/lib/libbtsniff.so
/system/lib/libbtstd.so
/system/lib/libbwc.so
/system/lib/libcam.camadapter.so
/system/lib/libcam.camnode.so
/system/lib/libcam.camshot.so
/system/lib/libcam.client.so
/system/lib/libcam.device1.so
/system/lib/libcam.exif.so
/system/lib/libcam.faceagegender.so
/system/lib/libcam.halsensor.so
/system/lib/libcam.iopipe.so
/system/lib/libcam.jni.lomohaljni.so
/system/lib/libcam.metadata.so
/system/lib/libcam.paramsmgr.so
/system/lib/libcam.sdkclient.so
/system/lib/libcam.utils.sensorlistener.so
/system/lib/libcam.utils.so
/system/lib/libcam.watermark.so
/system/lib/libcam1_utils.so
/system/lib/libcam_hwutils.so
/system/lib/libcam_mmp.so
/system/lib/libcam_platform.so
/system/lib/libcam_utils.so
/system/lib/libcamalgo.so
/system/lib/libcamdrv.so
/system/lib/libcamera_client.so
/system/lib/libcamera_client_mtk.so
/system/lib/libcamera_metadata.so
/system/lib/libcameracustom.so
/system/lib/libccci_util.so
/system/lib/libcurl.so
/system/lib/libcustom_jni.so
/system/lib/libcustom_nvram.so
/system/lib/libcustom_prop.so
/system/lib/libcvsd_mtk.so
/system/lib/libdcfdecoderjni.so
/system/lib/libdirect-coredump.so
/system/lib/libdpframework.so
/system/lib/libdrmdecrypt.so
/system/lib/libdrmmtkutil.so
/system/lib/libdrmmtkwhitelist.so
/system/lib/libem_bt_jni.so
/system/lib/libem_gpio_jni.so
/system/lib/libem_lte_jni.so
/system/lib/libem_modem_jni.so
/system/lib/libem_sensor_jni.so
/system/lib/libem_support_jni.so
/system/lib/libem_usb_jni.so
/system/lib/libem_wifi_jni.so
/system/lib/libextsys.so
/system/lib/libextsys_jni.so
/system/lib/libexttestmode.so
/system/lib/libfeatureio.so
/system/lib/libfgauge.so
/system/lib/libfile_op.so
/system/lib/libfmcust.so
/system/lib/libfmjni.so
/system/lib/libfmmt6620.so
/system/lib/libfmmt6627.so
/system/lib/libfmmt6628.so
/system/lib/libfmmt6630.so
/system/lib/libged.so
/system/lib/libgifEncoder_jni.so
/system/lib/libgpu_aux.so
/system/lib/libgralloc_extra.so
/system/lib/libgraphite2.so
/system/lib/libgui_ext.so
/system/lib/libhotknot.so
/system/lib/libhotknot_vendor.so
/system/lib/libhttpserver.so
/system/lib/libhwm.so
/system/lib/libimageio.so
/system/lib/libimageio_plat_drv.so
/system/lib/libion.so
/system/lib/libion_mtk.so
/system/lib/libja3m.so
/system/lib/libjni_effects.so
/system/lib/libjni_gesture.so
/system/lib/libjni_imagetransform.so
/system/lib/libjni_lomoeffect.so
/system/lib/libjni_mosaic_old.so
/system/lib/libjni_pq.so
/system/lib/libjni_resource_drm.so
/system/lib/libjtranscode.so
/system/lib/liblogwrap.so
/system/lib/libm.so
/system/lib/libm4u.so
/system/lib/libmatv_cust.so
/system/lib/libmdloggerrecycle.so
/system/lib/libmediatek_exceptionlog.so
/system/lib/libmemoryDumpEncoder.so
/system/lib/libmemorydumper.so
/system/lib/libmemtrack_GL.so
/system/lib/libmhalImageCodec.so
/system/lib/libmjc.so
/system/lib/libmmprofile.so
/system/lib/libmmprofile_jni.so
/system/lib/libmmsdkservice.so
/system/lib/libmnl.so
/system/lib/libmp3lame.so
/system/lib/libmp4enc_sa.ca7.so
/system/lib/libmpo.so
/system/lib/libmpodecoder.so
/system/lib/libmpoencoder.so
/system/lib/libmpojni.so
/system/lib/libmsbc_mtk.so
/system/lib/libmtb.so
/system/lib/libmtcloader.so
/system/lib/libmtk_drvb.so
/system/lib/libmtk_mmutils.so
/system/lib/libmtkbtextspp.so
/system/lib/libmtkjpeg.so
/system/lib/libmtklimiter.so
/system/lib/libmtkplayer.so
/system/lib/libmtkshifter.so
/system/lib/libn3d3a.so
/system/lib/libnativecheck-jni.so
/system/lib/libnetutils.so
/system/lib/libnfc_ndef.so
/system/lib/libnvram.so
/system/lib/libnvram_daemon_callback.so
/system/lib/libnvram_platform.so
/system/lib/libnvram_sec.so
/system/lib/libnvramagentclient.so
/system/lib/libpalsecurity.so
/system/lib/libpalwlan_mtk.so
/system/lib/libperfservice.so
/system/lib/libperfservicenative.so
/system/lib/libpppbtdun.so
/system/lib/libpq_cust.so
/system/lib/libpq_prot.so
/system/lib/librilmtk.so
/system/lib/librilmtkmd2.so
/system/lib/libsbccodec.so
/system/lib/libsec.so
/system/lib/libshowlogo.so
/system/lib/libspeech_enh_lib.so
/system/lib/libssladp.so
/system/lib/libstagefright_memutil.so
/system/lib/libstagefrighthw.so
/system/lib/libsurfaceflinger.so
/system/lib/libsurfaceflinger_ddmconnection.so
/system/lib/libsysutils.so
/system/lib/libtimestretch.so
/system/lib/libtinyalsa.so
/system/lib/libtinyxml.so
/system/lib/libtouchfilter.so
/system/lib/libudf.so
/system/lib/libui.so
/system/lib/libui_ext.so
/system/lib/libvc1dec_sa.ca7.so
/system/lib/libvcodec_oal.so
/system/lib/libvcodec_utility.so
/system/lib/libvcodecdrv.so
/system/lib/libvie.so
/system/lib/libvie_jni.so
/system/lib/libvoicerecognition.so
/system/lib/libvoicerecognition_jni.so
/system/lib/libvp8dec_sa.ca7.so
/system/lib/libvp8enc_sa.ca7.so
/system/lib/libvp9dec_sa.ca7.so
/system/lib/mtk-ril.so
/system/lib/mtk-rilmd2.so
/system/lib/soundfx/libdirac.so
/system/lib64/egl/libGLES_android.so
/system/lib64/hw/audio.primary.default.so
/system/lib64/hw/audio.primary.mt6795.so
/system/lib64/hw/audio.r_submix.default.so
/system/lib64/hw/audio.usb.default.so
/system/lib64/hw/audio_policy.default.so
/system/lib64/hw/audio_policy.stub.so
/system/lib64/hw/camera.mt6795.so
/system/lib64/hw/consumerir.default.so
/system/lib64/hw/fingerprint.default.so
/system/lib64/hw/gps.default.so
/system/lib64/hw/gralloc.default.so
/system/lib64/hw/hwcomposer.mt6795.so
/system/lib64/hw/keystore.default.so
/system/lib64/hw/keystore.trustkernel.so
/system/lib64/hw/keystore.v1.trustkernel.so
/system/lib64/hw/lights.default.so
/system/lib64/hw/memtrack.mt6795.so
/system/lib64/hw/mmsdk.default.so
/system/lib64/hw/power.default.so
/system/lib64/hw/sensors.mt6795.so
/system/lib64/hw/vibrator.default.so
/system/lib64/lib3a.so
/system/lib64/lib3a_sample.so
/system/lib64/libCameraEffectJNI.so
/system/lib64/libEGL.so
/system/lib64/libFaceProc.so
/system/lib64/libGLESv3.so
/system/lib64/libGdmaScalerPipe.so
/system/lib64/libJpgDecPipe.so
/system/lib64/libJpgEncPipe.so
/system/lib64/libMtkOmxCore.so
/system/lib64/libMtkVideoTranscoder.so
/system/lib64/libPQDCjni.so
/system/lib64/libPQjni.so
/system/lib64/libSwJpgCodec.so
/system/lib64/lib_unique_id.so
/system/lib64/liba3m.so
/system/lib64/libaal.so
/system/lib64/libaal_cust.so
/system/lib64/libacdk.so
/system/lib64/libaed.so
/system/lib64/libatciserv_jni.so
/system/lib64/libatvctrlservice.so
/system/lib64/libaudio-resampler.so
/system/lib64/libaudiocompensationfilter.so
/system/lib64/libaudiocomponentengine.so
/system/lib64/libaudiocustparam.so
/system/lib64/libaudiodcrflt.so
/system/lib64/libaudiopolicymanager.so
/system/lib64/libaudiopolicymanagerdefault.so
/system/lib64/libaudiosetting.so
/system/lib64/libbessound_hd_mtk.so
/system/lib64/libblisrc.so
/system/lib64/libblisrc32.so
/system/lib64/libbluetooth_mtk.so
/system/lib64/libbluetooth_relayer.so
/system/lib64/libbluetoothdrv.so
/system/lib64/libbluetoothem_mtk.so
/system/lib64/libbtcusttable.so
/system/lib64/libbtem.so
/system/lib64/libbtstd.so
/system/lib64/libbwc.so
/system/lib64/libc.so
/system/lib64/libcam.camadapter.so
/system/lib64/libcam.camnode.so
/system/lib64/libcam.camshot.so
/system/lib64/libcam.client.so
/system/lib64/libcam.device1.so
/system/lib64/libcam.exif.so
/system/lib64/libcam.faceagegender.so
/system/lib64/libcam.halsensor.so
/system/lib64/libcam.iopipe.so
/system/lib64/libcam.jni.lomohaljni.so
/system/lib64/libcam.metadata.so
/system/lib64/libcam.paramsmgr.so
/system/lib64/libcam.sdkclient.so
/system/lib64/libcam.utils.sensorlistener.so
/system/lib64/libcam.utils.so
/system/lib64/libcam.watermark.so
/system/lib64/libcam1_utils.so
/system/lib64/libcam_hwutils.so
/system/lib64/libcam_mmp.so
/system/lib64/libcam_platform.so
/system/lib64/libcam_utils.so
/system/lib64/libcamalgo.so
/system/lib64/libcamdrv.so
/system/lib64/libcamera_client.so
/system/lib64/libcamera_client_mtk.so
/system/lib64/libcamera_metadata.so
/system/lib64/libcameracustom.so
/system/lib64/libccci_util.so
/system/lib64/libcurl.so
/system/lib64/libcustom_jni.so
/system/lib64/libcustom_nvram.so
/system/lib64/libcustom_prop.so
/system/lib64/libcutils.so
/system/lib64/libcvsd_mtk.so
/system/lib64/libdcfdecoderjni.so
/system/lib64/libdirect-coredump.so
/system/lib64/libdpframework.so
/system/lib64/libdrmmtkutil.so
/system/lib64/libdrmmtkwhitelist.so
/system/lib64/libem_bt_jni.so
/system/lib64/libem_gpio_jni.so
/system/lib64/libem_lte_jni.so
/system/lib64/libem_modem_jni.so
/system/lib64/libem_sensor_jni.so
/system/lib64/libem_support_jni.so
/system/lib64/libem_usb_jni.so
/system/lib64/libem_wifi_jni.so
/system/lib64/libextadvanced_jni.so
/system/lib64/libextem.so
/system/lib64/libextsys.so
/system/lib64/libextsys_jni.so
/system/lib64/libfeatureio.so
/system/lib64/libfile_op.so
/system/lib64/libfmcust.so
/system/lib64/libfmjni.so
/system/lib64/libfmmt6620.so
/system/lib64/libfmmt6627.so
/system/lib64/libfmmt6628.so
/system/lib64/libfmmt6630.so
/system/lib64/libged.so
/system/lib64/libgpu_aux.so
/system/lib64/libgralloc_extra.so
/system/lib64/libgraphite2.so
/system/lib64/libgui_ext.so
/system/lib64/libhotknot.so
/system/lib64/libhotknot_vendor.so
/system/lib64/libhttpserver.so
/system/lib64/libhwm.so
/system/lib64/libimageio.so
/system/lib64/libimageio_plat_drv.so
/system/lib64/libion.so
/system/lib64/libion_mtk.so
/system/lib64/libja3m.so
/system/lib64/libjni_lomoeffect.so
/system/lib64/libjni_mosaic_old.so
/system/lib64/libjni_pq.so
/system/lib64/libjni_resource_drm.so
/system/lib64/liblogwrap.so
/system/lib64/libm.so
/system/lib64/libm4u.so
/system/lib64/libmatv_cust.so
/system/lib64/libmdloggerrecycle.so
/system/lib64/libmediatek_exceptionlog.so
/system/lib64/libmemoryDumpEncoder.so
/system/lib64/libmemorydumper.so
/system/lib64/libmemtrack_GL.so
/system/lib64/libmhalImageCodec.so
/system/lib64/libmmprofile.so
/system/lib64/libmmprofile_jni.so
/system/lib64/libmmsdkservice.so
/system/lib64/libmp3lame.so
/system/lib64/libmpo.so
/system/lib64/libmpoencoder.so
/system/lib64/libmsbc_mtk.so
/system/lib64/libmtk_drvb.so
/system/lib64/libmtk_mmutils.so
/system/lib64/libmtkjpeg.so
/system/lib64/libmtklimiter.so
/system/lib64/libmtkplayer.so
/system/lib64/libmtkshifter.so
/system/lib64/libn3d3a.so
/system/lib64/libnativecheck-jni.so
/system/lib64/libnetutils.so
/system/lib64/libnfc_ndef.so
/system/lib64/libnvram.so
/system/lib64/libnvram_daemon_callback.so
/system/lib64/libnvram_platform.so
/system/lib64/libnvram_sec.so
/system/lib64/libnvramagentclient.so
/system/lib64/libperfservice.so
/system/lib64/libperfservicenative.so
/system/lib64/libpppbtdun.so
/system/lib64/libpq_cust.so
/system/lib64/libpq_prot.so
/system/lib64/librilmtk.so
/system/lib64/librilmtkmd2.so
/system/lib64/libspeech_enh_lib.so
/system/lib64/libstagefright_memutil.so
/system/lib64/libstagefrighthw.so
/system/lib64/libsurfaceflinger.so
/system/lib64/libsurfaceflinger_ddmconnection.so
/system/lib64/libsysutils.so
/system/lib64/libterservice.so
/system/lib64/libtinyalsa.so
/system/lib64/libtinyxml.so
/system/lib64/libtouchfilter.so
/system/lib64/libudf.so
/system/lib64/libui.so
/system/lib64/libui_ext.so
/system/lib64/libvcodecdrv.so
/system/lib64/libwapi.so
/system/lib64/libwifitest.so
/system/lib64/libyasalgo.so
/system/lib64/soundfx/libaudiopreprocessing.so
/system/lib64/soundfx/libbundlewrapper.so
/system/usr/keylayout/ACCDET.kl
/system/usr/keylayout/AVRCP.kl
/system/usr/keylayout/mtk-kpd.kl
/system/vendor/app/LocationEM2/LocationEM2.apk
/system/vendor/app/MTKThermalManager/MTKThermalManager.apk
/system/vendor/app/YGPS/YGPS.apk
/system/vendor/bin/MtkCodecService
/system/vendor/bin/aal
/system/vendor/bin/aee
/system/vendor/bin/aee_archive
/system/vendor/bin/aee_core_forwarder
/system/vendor/bin/aee_dumpstate
/system/vendor/bin/akmd8963
/system/vendor/bin/akmd8975
/system/vendor/bin/ami304d
/system/vendor/bin/atci_service
/system/vendor/bin/atcid
/system/vendor/bin/audiocmdservice_atci
/system/vendor/bin/autokd
/system/vendor/bin/ccci_fsd
/system/vendor/bin/ccci_mdinit
/system/vendor/bin/dhcp6c
/system/vendor/bin/dhcp6ctl
/system/vendor/bin/dhcp6s
/system/vendor/bin/dmlog
/system/vendor/bin/em_svr
/system/vendor/bin/emdlogger1
/system/vendor/bin/factory
/system/vendor/bin/fsck_msdos_mtk
/system/vendor/bin/fuelgauged
/system/vendor/bin/geomagneticd
/system/vendor/bin/gsm0710muxd
/system/vendor/bin/gsm0710muxdmd2
/system/vendor/bin/kpoc_charger
/system/vendor/bin/lcdc_screen_cap
/system/vendor/bin/lsm303md
/system/vendor/bin/magd
/system/vendor/bin/matv
/system/vendor/bin/mc6420d
/system/vendor/bin/md_ctrl
/system/vendor/bin/mdlogger
/system/vendor/bin/memorydumper
/system/vendor/bin/memsicd
/system/vendor/bin/memsicd3416x
/system/vendor/bin/meta_tst
/system/vendor/bin/mfv_ut
/system/vendor/bin/mnld
/system/vendor/bin/mobile_log_d
/system/vendor/bin/msensord
/system/vendor/bin/mtk_agpsd
/system/vendor/bin/mtkrild
/system/vendor/bin/mtkrildmd2
/system/vendor/bin/muxreport
/system/vendor/bin/netdiag
/system/vendor/bin/nvram_agent_binder
/system/vendor/bin/nvram_daemon
/system/vendor/bin/orientationd
/system/vendor/bin/perf_native_test
/system/vendor/bin/pq
/system/vendor/bin/radvd
/system/vendor/bin/rtt
/system/vendor/bin/terservice
/system/vendor/bin/tertestclient
/system/vendor/bin/thermal
/system/vendor/bin/thermal_manager
/system/vendor/bin/thermald
/system/vendor/bin/wifi2agps
/system/vendor/bin/wmt_loader
/system/vendor/etc/custom.conf
/system/vendor/etc/mddb/mdm_layout_desc_1_ulwctg_n.dat
/system/vendor/etc/mtk_omx_core.cfg
/system/vendor/etc/mtklog-config.prop
/system/vendor/etc/radvd
/system/vendor/etc/radvd/radvd.conf
/system/vendor/firmware/ROMv2_lm_patch_1_0_hdr.bin
/system/vendor/firmware/ROMv2_lm_patch_1_1_hdr.bin
/system/vendor/firmware/ROMv2_lm_patch_1_1_hdr.bin#
/system/vendor/firmware/WIFI_RAM_CODE_6755
/system/vendor/firmware/WMT_SOC.cfg
/system/vendor/firmware/catcher_filter_1_ulwctg_n.bin
/system/vendor/firmware/catcher_filter_3_3g_n.bin
/system/vendor/firmware/customfilter/catcher_filter_1_ulwctg_n_C2KOnly_Test.bin
/system/vendor/firmware/customfilter/catcher_filter_1_ulwctg_n_Default_Embms.bin
/system/vendor/firmware/customfilter/catcher_filter_1_ulwctg_n_Default_IPAllOff.bin
/system/vendor/firmware/customfilter/catcher_filter_1_ulwctg_n_FullLog.bin
/system/vendor/firmware/customfilter/catcher_filter_1_ulwctg_n_SlimLog_DspAllOff.bin
/system/vendor/firmware/customfilter/catcher_filter_1_ulwctg_n__Default.bin
/system/vendor/firmware/customfilter/catcher_filter_1_ulwctg_n_meta.bin
/system/vendor/firmware/em_filter_1_ulwctg_n.bin
/system/vendor/firmware/fm_cust.cfg
/system/vendor/firmware/mt6627_fm_v1_coeff.bin
/system/vendor/firmware/mt6627_fm_v1_patch.bin
/system/vendor/firmware/pcm_deepidle.bin
/system/vendor/firmware/pcm_deepidle_by_mp1.bin
/system/vendor/firmware/pcm_deepidle_by_mp1_mt6355.bin
/system/vendor/firmware/pcm_deepidle_lpddr4.bin
/system/vendor/firmware/pcm_deepidle_lpddr4_by_mp1.bin
/system/vendor/firmware/pcm_deepidle_lpddr4_by_mp1_mt6355.bin
/system/vendor/firmware/pcm_deepidle_lpddr4_mt6355.bin
/system/vendor/firmware/pcm_deepidle_mt6355.bin
/system/vendor/firmware/pcm_mcdi_ddrdfs.bin
/system/vendor/firmware/pcm_mcdi_ddrdfs_lpddr4.bin
/system/vendor/firmware/pcm_mcdi_ddrdfs_lpddr4_mt6355.bin
/system/vendor/firmware/pcm_mcdi_ddrdfs_mt6355.bin
/system/vendor/firmware/pcm_sodi_ddrdfs.bin
/system/vendor/firmware/pcm_sodi_ddrdfs_by_mp1.bin
/system/vendor/firmware/pcm_sodi_ddrdfs_by_mp1_mt6355.bin
/system/vendor/firmware/pcm_sodi_ddrdfs_lpddr4.bin
/system/vendor/firmware/pcm_sodi_ddrdfs_lpddr4_by_mp1.bin
/system/vendor/firmware/pcm_sodi_ddrdfs_lpddr4_by_mp1_mt6355.bin
/system/vendor/firmware/pcm_sodi_ddrdfs_lpddr4_mt6355.bin
/system/vendor/firmware/pcm_sodi_ddrdfs_mt6355.bin
/system/vendor/firmware/pcm_suspend.bin
/system/vendor/firmware/pcm_suspend_by_mp1.bin
/system/vendor/firmware/pcm_suspend_by_mp1_mt6355.bin
/system/vendor/firmware/pcm_suspend_lpddr4.bin
/system/vendor/firmware/pcm_suspend_lpddr4_by_mp1.bin
/system/vendor/firmware/pcm_suspend_lpddr4_by_mp1_mt6355.bin
/system/vendor/firmware/pcm_suspend_lpddr4_mt6355.bin
/system/vendor/firmware/pcm_suspend_mt6355.bin
/system/vendor/lib/drm/libdrmmtkplugin.so
/system/vendor/lib/egl/egl.cfg
/system/vendor/lib/hw/audio.primary.mt6757.so
/system/vendor/lib/hw/audio.usb.mt6757.so
/system/vendor/lib/hw/camera.mt6757.so
/system/vendor/lib/hw/consumerir.mt6757.so
/system/vendor/lib/hw/gps.mt6757.so
/system/vendor/lib/hw/gralloc.mt6757.so
/system/vendor/lib/hw/hwcomposer.mt6757.so
/system/vendor/lib/hw/lights.mt6757.so
/system/vendor/lib/hw/memtrack.mt6757.so
/system/vendor/lib/hw/sensors.mt6757.so
/system/vendor/lib/lib3a.so
/system/vendor/lib/libBnMtkCodec.so
/system/vendor/lib/libClearMotionFW.so
/system/vendor/lib/libJpgDecPipe.so
/system/vendor/lib/libJpgEncPipe.so
/system/vendor/lib/libMtkOmxAdpcmDec.so
/system/vendor/lib/libMtkOmxAdpcmEnc.so
/system/vendor/lib/libMtkOmxApeDec.so
/system/vendor/lib/libMtkOmxCore.so
/system/vendor/lib/libMtkOmxFlacDec.so
/system/vendor/lib/libMtkOmxG711Dec.so
/system/vendor/lib/libMtkOmxGsmDec.so
/system/vendor/lib/libMtkOmxMp3Dec.so
/system/vendor/lib/libMtkOmxRawDec.so
/system/vendor/lib/libMtkOmxVenc.so
/system/vendor/lib/libMtkOmxVorbisEnc.so
/system/vendor/lib/libMtkVideoSpeedEffect.so
/system/vendor/lib/libPQDCjni.so
/system/vendor/lib/libPQjni.so
/system/vendor/lib/libSwJpgCodec.so
/system/vendor/lib/libaal.so
/system/vendor/lib/libaal_cust.so
/system/vendor/lib/libacdk.so
/system/vendor/lib/libaed.so
/system/vendor/lib/libatciserv_jni.so
/system/vendor/lib/libatvctrlservice.so
/system/vendor/lib/libaudiocompensationfilter.so
/system/vendor/lib/libaudiocomponentengine.so
/system/vendor/lib/libaudiocustparam.so
/system/vendor/lib/libaudiodcrflt.so
/system/vendor/lib/libaudiomtkdcremoval.so
/system/vendor/lib/libaudiosetting.so
/system/vendor/lib/libbessound_hd_mtk.so
/system/vendor/lib/libblisrc.so
/system/vendor/lib/libblisrc32.so
/system/vendor/lib/libbluetooth_mtk.so
/system/vendor/lib/libbluetooth_relayer.so
/system/vendor/lib/libbluetoothem_mtk.so
/system/vendor/lib/libbwc.so
/system/vendor/lib/libcam.camadapter.so
/system/vendor/lib/libcam.camshot.so
/system/vendor/lib/libcam.client.so
/system/vendor/lib/libcam.device1.so
/system/vendor/lib/libcam.halsensor.so
/system/vendor/lib/libcam.iopipe.so
/system/vendor/lib/libcam.jni.lomohaljni.so
/system/vendor/lib/libcam.paramsmgr.so
/system/vendor/lib/libcam1_utils.so
/system/vendor/lib/libcam_platform.so
/system/vendor/lib/libcamalgo.so
/system/vendor/lib/libcameracustom.so
/system/vendor/lib/libccci_util.so
/system/vendor/lib/libcustom_jni.so
/system/vendor/lib/libcustom_nvram.so
/system/vendor/lib/libcustom_prop.so
/system/vendor/lib/libcvsd_mtk.so
/system/vendor/lib/libdirect-coredump.so
/system/vendor/lib/libdpframework.so
/system/vendor/lib/libdrmmtkutil.so
/system/vendor/lib/libdrmmtkwhitelist.so
/system/vendor/lib/libem_bt_jni.so
/system/vendor/lib/libem_gpio_jni.so
/system/vendor/lib/libem_lte_jni.so
/system/vendor/lib/libem_modem_jni.so
/system/vendor/lib/libem_sensor_jni.so
/system/vendor/lib/libem_support_jni.so
/system/vendor/lib/libem_usb_jni.so
/system/vendor/lib/libem_wifi_jni.so
/system/vendor/lib/libfile_op.so
/system/vendor/lib/libfmcust.so
/system/vendor/lib/libfmjni.so
/system/vendor/lib/libged.so
/system/vendor/lib/libgpu_aux.so
/system/vendor/lib/libgralloc_extra.so
/system/vendor/lib/libgui_ext.so
/system/vendor/lib/libhwm.so
/system/vendor/lib/libimageio.so
/system/vendor/lib/libimageio_plat_drv.so
/system/vendor/lib/libion_mtk.so
/system/vendor/lib/libjni_lomoeffect.so
/system/vendor/lib/libjni_pq.so
/system/vendor/lib/libm4u.so
/system/vendor/lib/libmatv_cust.so
/system/vendor/lib/libmdloggerrecycle.so
/system/vendor/lib/libmemoryDumpEncoder.so
/system/vendor/lib/libmemorydumper.so
/system/vendor/lib/libmhalImageCodec.so
/system/vendor/lib/libmmprofile.so
/system/vendor/lib/libmmprofile_jni.so
/system/vendor/lib/libmmsdkservice.so
/system/vendor/lib/libmnl.so
/system/vendor/lib/libmp4enc_sa.ca7.so
/system/vendor/lib/libmsbc_mtk.so
/system/vendor/lib/libmtcloader.so
/system/vendor/lib/libmtk_drvb.so
/system/vendor/lib/libmtk_mmutils.so
/system/vendor/lib/libmtkjpeg.so
/system/vendor/lib/libmtklimiter.so
/system/vendor/lib/libmtkplayer.so
/system/vendor/lib/libmtkshifter.so
/system/vendor/lib/libnativecheck-jni.so
/system/vendor/lib/libnvram.so
/system/vendor/lib/libnvram_daemon_callback.so
/system/vendor/lib/libnvram_platform.so
/system/vendor/lib/libnvram_sec.so
/system/vendor/lib/libnvramagentclient.so
/system/vendor/lib/libperfservice.so
/system/vendor/lib/libperfservicenative.so
/system/vendor/lib/libpq_prot.so
/system/vendor/lib/librilmtk.so
/system/vendor/lib/librilmtkmd2.so
/system/vendor/lib/libshowlogo.so
/system/vendor/lib/libspeech_enh_lib.so
/system/vendor/lib/libstagefrighthw.so
/system/vendor/lib/libtimestretch.so
/system/vendor/lib/libtouchfilter.so
/system/vendor/lib/libudf.so
/system/vendor/lib/libui_ext.so
/system/vendor/lib/libvc1dec_sa.ca7.so
/system/vendor/lib/libvcodec_oal.so
/system/vendor/lib/libvcodec_utility.so
/system/vendor/lib/libvcodecdrv.so
/system/vendor/lib/libvoicerecognition.so
/system/vendor/lib/libvoicerecognition_jni.so
/system/vendor/lib/libvp8dec_sa.ca7.so
/system/vendor/lib/libvp8enc_sa.ca7.so
/system/vendor/lib/libvp9dec_sa.ca7.so
/system/vendor/lib/mediadrm/libmockdrmcryptoplugin.so
/system/vendor/lib/mediadrm/libwvdrmengine.so
/system/vendor/lib/mtk-ril.so
/system/vendor/lib/mtk-rilmd2.so
/system/vendor/lib64/drm/libdrmmtkplugin.so
/system/vendor/lib64/lib3a.so
/system/vendor/lib64/libBnMtkCodec.so
/system/vendor/lib64/libJpgDecPipe.so
/system/vendor/lib64/libJpgEncPipe.so
/system/vendor/lib64/libMtkOmxCore.so
/system/vendor/lib64/libMtkVideoSpeedEffect.so
/system/vendor/lib64/libPQDCjni.so
/system/vendor/lib64/libPQjni.so
/system/vendor/lib64/libSwJpgCodec.so
/system/vendor/lib64/libaal.so
/system/vendor/lib64/libaal_cust.so
/system/vendor/lib64/libacdk.so
/system/vendor/lib64/libaed.so
/system/vendor/lib64/libatciserv_jni.so
/system/vendor/lib64/libatvctrlservice.so
/system/vendor/lib64/libaudiocompensationfilter.so
/system/vendor/lib64/libaudiocomponentengine.so
/system/vendor/lib64/libaudiocustparam.so
/system/vendor/lib64/libaudiodcrflt.so
/system/vendor/lib64/libaudiosetting.so
/system/vendor/lib64/libbessound_hd_mtk.so
/system/vendor/lib64/libblisrc.so
/system/vendor/lib64/libblisrc32.so
/system/vendor/lib64/libbluetooth_mtk.so
/system/vendor/lib64/libbluetooth_relayer.so
/system/vendor/lib64/libbluetoothem_mtk.so
/system/vendor/lib64/libbwc.so
/system/vendor/lib64/libcam.camadapter.so
/system/vendor/lib64/libcam.camshot.so
/system/vendor/lib64/libcam.client.so
/system/vendor/lib64/libcam.device1.so
/system/vendor/lib64/libcam.halsensor.so
/system/vendor/lib64/libcam.iopipe.so
/system/vendor/lib64/libcam.jni.lomohaljni.so
/system/vendor/lib64/libcam.paramsmgr.so
/system/vendor/lib64/libcam1_utils.so
/system/vendor/lib64/libcam_platform.so
/system/vendor/lib64/libcamalgo.so
/system/vendor/lib64/libcameracustom.so
/system/vendor/lib64/libccci_util.so
/system/vendor/lib64/libcustom_jni.so
/system/vendor/lib64/libcustom_nvram.so
/system/vendor/lib64/libcustom_prop.so
/system/vendor/lib64/libcvsd_mtk.so
/system/vendor/lib64/libdirect-coredump.so
/system/vendor/lib64/libdpframework.so
/system/vendor/lib64/libdrmmtkutil.so
/system/vendor/lib64/libdrmmtkwhitelist.so
/system/vendor/lib64/libem_bt_jni.so
/system/vendor/lib64/libem_gpio_jni.so
/system/vendor/lib64/libem_lte_jni.so
/system/vendor/lib64/libem_modem_jni.so
/system/vendor/lib64/libem_sensor_jni.so
/system/vendor/lib64/libem_support_jni.so
/system/vendor/lib64/libem_usb_jni.so
/system/vendor/lib64/libem_wifi_jni.so
/system/vendor/lib64/libfile_op.so
/system/vendor/lib64/libfmcust.so
/system/vendor/lib64/libfmjni.so
/system/vendor/lib64/libged.so
/system/vendor/lib64/libgpu_aux.so
/system/vendor/lib64/libgralloc_extra.so
/system/vendor/lib64/libgui_ext.so
/system/vendor/lib64/libhwm.so
/system/vendor/lib64/libimageio.so
/system/vendor/lib64/libimageio_plat_drv.so
/system/vendor/lib64/libion_mtk.so
/system/vendor/lib64/libjni_lomoeffect.so
/system/vendor/lib64/libjni_pq.so
/system/vendor/lib64/libm4u.so
/system/vendor/lib64/libmatv_cust.so
/system/vendor/lib64/libmdloggerrecycle.so
/system/vendor/lib64/libmemoryDumpEncoder.so
/system/vendor/lib64/libmemorydumper.so
/system/vendor/lib64/libmhalImageCodec.so
/system/vendor/lib64/libmmprofile.so
/system/vendor/lib64/libmmprofile_jni.so
/system/vendor/lib64/libmsbc_mtk.so
/system/vendor/lib64/libmtk_drvb.so
/system/vendor/lib64/libmtk_mmutils.so
/system/vendor/lib64/libmtkjpeg.so
/system/vendor/lib64/libmtklimiter.so
/system/vendor/lib64/libmtkplayer.so
/system/vendor/lib64/libmtkshifter.so
/system/vendor/lib64/libnativecheck-jni.so
/system/vendor/lib64/libnvram.so
/system/vendor/lib64/libnvram_daemon_callback.so
/system/vendor/lib64/libnvram_platform.so
/system/vendor/lib64/libnvram_sec.so
/system/vendor/lib64/libnvramagentclient.so
/system/vendor/lib64/libperfservice.so
/system/vendor/lib64/libperfservicenative.so
/system/vendor/lib64/libpq_prot.so
/system/vendor/lib64/librilmtk.so
/system/vendor/lib64/librilmtkmd2.so
/system/vendor/lib64/libspeech_enh_lib.so
/system/vendor/lib64/libstagefrighthw.so
/system/vendor/lib64/libterservice.so
/system/vendor/lib64/libtimestretch.so
/system/vendor/lib64/libtouchfilter.so
/system/vendor/lib64/libudf.so
/system/vendor/lib64/libui_ext.so
/system/vendor/lib64/libvcodec_oal.so
/system/vendor/lib64/libvcodec_utility.so
/system/vendor/lib64/libvcodecdrv.so
/system/vendor/lib64/libwapi.so
/system/vendor/lib64/libwifitest.so
/system/vendor/lib64/mediadrm/libmockdrmcryptoplugin.so
/system/vendor/lib64/mtk-ril.so
/system/vendor/lib64/mtk-rilmd2.so
/system/vendor/priv-app/CDS_INFO/CDS_INFO.apk
/system/vendor/priv-app/FMRadio/system/lib/arm64/libfmjni.so
/system/xbin/BGW
/system/xbin/mnld
/vendor/app/LocationEM2/LocationEM2.apk
/vendor/app/MDMLSample/MDMLSample.apk
/vendor/app/MTKThermalManager/MTKThermalManager.apk
/vendor/app/YGPS/YGPS.apk
/vendor/bin/audiocmdservice_atci
/vendor/bin/autobt
/vendor/bin/autokd
/vendor/bin/boot_logo_updater
/vendor/bin/camtool
/vendor/bin/ccci_fsd
/vendor/bin/ccci_mdinit
/vendor/bin/dhcp6c
/vendor/bin/dhcp6ctl
/vendor/bin/dhcp6s
/vendor/bin/dmlog
/vendor/bin/downloader
/vendor/bin/emdlogger1
/vendor/bin/emdlogger2
/vendor/bin/emdlogger5
/vendor/bin/factory
/vendor/bin/fsck_msdos_mtk
/vendor/bin/ged_srv
/vendor/bin/lcdc_screen_cap
/vendor/bin/libccu_bin.dm
/vendor/bin/libccu_bin.pm
/vendor/bin/md_ctrl
/vendor/bin/md_monitor
/vendor/bin/md_monitor_ctrl
/vendor/bin/mdlogger
/vendor/bin/memorydumper
/vendor/bin/meta_tst
/vendor/bin/mfv_ut
/vendor/bin/netdiag
/vendor/bin/nvram_agent_binder
/vendor/bin/nvram_daemon
/vendor/bin/perf_native_test
/vendor/bin/perfd
/vendor/bin/pq
/vendor/bin/radvd
/vendor/bin/resize_ext4
/vendor/bin/rs2spir
/vendor/bin/rt5509_calibration
/vendor/bin/sn
/vendor/bin/spir2cl
/vendor/bin/spm_loader
/vendor/bin/stp_dump3
/vendor/bin/superumount
/vendor/bin/sysenv_daemon
/vendor/bin/thermal
/vendor/bin/thermal_manager
/vendor/bin/thermald
/vendor/bin/thermalindicator
/vendor/bin/thermalloadalgod
/vendor/bin/wfca
/vendor/bin/wmt_concurrency
/vendor/bin/wmt_launcher
/vendor/bin/wmt_loader
/vendor/bin/wmt_loopback
/vendor/etc/audio_param/3GVTDMNR_AudioParam.xml
/vendor/etc/audio_param/3GVTDMNR_ParamUnitDesc.xml
/vendor/etc/audio_param/3GVTDV_AudioParam.xml
/vendor/etc/audio_param/3GVTDV_ParamUnitDesc.xml
/vendor/etc/audio_param/3GVTGeneral_AudioParam.xml
/vendor/etc/audio_param/3GVTGeneral_ParamUnitDesc.xml
/vendor/etc/audio_param/3GVTUI_AudioParam.xml
/vendor/etc/audio_param/3GVTUI_ParamUnitDesc.xml
/vendor/etc/audio_param/3GVTVolUI_AudioParam.xml
/vendor/etc/audio_param/3GVTVolUI_ParamUnitDesc.xml
/vendor/etc/audio_param/3GVTVol_AudioParam.xml
/vendor/etc/audio_param/3GVTVol_ParamUnitDesc.xml
/vendor/etc/audio_param/3GVT_AudioParam.xml
/vendor/etc/audio_param/3GVT_ParamTreeView.xml
/vendor/etc/audio_param/3GVT_ParamUnitDesc.xml
/vendor/etc/audio_param/AudioParamOptions.xml
/vendor/etc/audio_param/BtInfo_AudioParam.xml
/vendor/etc/audio_param/BtInfo_ParamUnitDesc.xml
/vendor/etc/audio_param/FMVolUI_AudioParam.xml
/vendor/etc/audio_param/FMVolUI_ParamUnitDesc.xml
/vendor/etc/audio_param/FMVol_AudioParam.xml
/vendor/etc/audio_param/FMVol_ParamUnitDesc.xml
/vendor/etc/audio_param/FM_AudioParam.xml
/vendor/etc/audio_param/FM_ParamUnitDesc.xml
/vendor/etc/audio_param/PlaybackACF_AudioParam.xml
/vendor/etc/audio_param/PlaybackACF_ParamUnitDesc.xml
/vendor/etc/audio_param/PlaybackDRC_AudioParam.xml
/vendor/etc/audio_param/PlaybackDRC_ParamUnitDesc.xml
/vendor/etc/audio_param/PlaybackHCF_AudioParam.xml
/vendor/etc/audio_param/PlaybackHCF_ParamUnitDesc.xml
/vendor/etc/audio_param/PlaybackVolAna_AudioParam.xml
/vendor/etc/audio_param/PlaybackVolAna_ParamUnitDesc.xml
/vendor/etc/audio_param/PlaybackVolDigi_AudioParam.xml
/vendor/etc/audio_param/PlaybackVolDigi_ParamUnitDesc.xml
/vendor/etc/audio_param/PlaybackVolUI_AudioParam.xml
/vendor/etc/audio_param/PlaybackVolUI_ParamUnitDesc.xml
/vendor/etc/audio_param/Playback_AudioParam.xml
/vendor/etc/audio_param/Playback_ParamTreeView.xml
/vendor/etc/audio_param/Playback_ParamUnitDesc.xml
/vendor/etc/audio_param/RecordDMNR_AudioParam.xml
/vendor/etc/audio_param/RecordDMNR_ParamUnitDesc.xml
/vendor/etc/audio_param/RecordFIR_AudioParam.xml
/vendor/etc/audio_param/RecordFIR_ParamUnitDesc.xml
/vendor/etc/audio_param/RecordUI_AudioParam.xml
/vendor/etc/audio_param/RecordUI_ParamUnitDesc.xml
/vendor/etc/audio_param/RecordVolUI_AudioParam.xml
/vendor/etc/audio_param/RecordVolUI_ParamUnitDesc.xml
/vendor/etc/audio_param/RecordVol_AudioParam.xml
/vendor/etc/audio_param/RecordVol_ParamUnitDesc.xml
/vendor/etc/audio_param/Record_AudioParam.xml
/vendor/etc/audio_param/Record_ParamTreeView.xml
/vendor/etc/audio_param/Record_ParamUnitDesc.xml
/vendor/etc/audio_param/SmartPa_AudioParam.xml
/vendor/etc/audio_param/SmartPa_ParamUnitDesc.xml
/vendor/etc/audio_param/SpeechDMNR_AudioParam.xml
/vendor/etc/audio_param/SpeechDMNR_ParamUnitDesc.xml
/vendor/etc/audio_param/SpeechDVIndex_AudioParam.xml
/vendor/etc/audio_param/SpeechDVIndex_ParamUnitDesc.xml
/vendor/etc/audio_param/SpeechDV_AudioParam.xml
/vendor/etc/audio_param/SpeechDV_ParamUnitDesc.xml
/vendor/etc/audio_param/SpeechGeneral_AudioParam.xml
/vendor/etc/audio_param/SpeechGeneral_ParamUnitDesc.xml
/vendor/etc/audio_param/SpeechMagiClarity_AudioParam.xml
/vendor/etc/audio_param/SpeechMagiClarity_ParamUnitDesc.xml
/vendor/etc/audio_param/SpeechNetwork_AudioParam.xml
/vendor/etc/audio_param/SpeechNetwork_ParamUnitDesc.xml
/vendor/etc/audio_param/SpeechUI_AudioParam.xml
/vendor/etc/audio_param/SpeechUI_ParamUnitDesc.xml
/vendor/etc/audio_param/SpeechVolUI_AudioParam.xml
/vendor/etc/audio_param/SpeechVolUI_ParamUnitDesc.xml
/vendor/etc/audio_param/SpeechVol_AudioParam.xml
/vendor/etc/audio_param/SpeechVol_ParamUnitDesc.xml
/vendor/etc/audio_param/Speech_AudioParam.xml
/vendor/etc/audio_param/Speech_ParamTreeView.xml
/vendor/etc/audio_param/Speech_ParamUnitDesc.xml
/vendor/etc/audio_param/USBCall_AudioParam.xml
/vendor/etc/audio_param/USBCall_ParamUnitDesc.xml
/vendor/etc/audio_param/USBDevice_AudioParam.xml
/vendor/etc/audio_param/USBDevice_ParamUnitDesc.xml
/vendor/etc/audio_param/VoIPDMNR_AudioParam.xml
/vendor/etc/audio_param/VoIPDMNR_ParamUnitDesc.xml
/vendor/etc/audio_param/VoIPDV_AudioParam.xml
/vendor/etc/audio_param/VoIPDV_ParamUnitDesc.xml
/vendor/etc/audio_param/VoIPGeneral_AudioParam.xml
/vendor/etc/audio_param/VoIPGeneral_ParamUnitDesc.xml
/vendor/etc/audio_param/VoIPUI_AudioParam.xml
/vendor/etc/audio_param/VoIPUI_ParamUnitDesc.xml
/vendor/etc/audio_param/VoIPVolUI_AudioParam.xml
/vendor/etc/audio_param/VoIPVolUI_ParamUnitDesc.xml
/vendor/etc/audio_param/VoIPVol_AudioParam.xml
/vendor/etc/audio_param/VoIPVol_ParamUnitDesc.xml
/vendor/etc/audio_param/VoIP_AudioParam.xml
/vendor/etc/audio_param/VoIP_ParamTreeView.xml
/vendor/etc/audio_param/VoIP_ParamUnitDesc.xml
/vendor/etc/audio_param/VoWifiDMNR_AudioParam.xml
/vendor/etc/audio_param/VoWifiDMNR_ParamUnitDesc.xml
/vendor/etc/audio_param/VoWifiDV_AudioParam.xml
/vendor/etc/audio_param/VoWifiDV_ParamUnitDesc.xml
/vendor/etc/audio_param/VoWifiGeneral_AudioParam.xml
/vendor/etc/audio_param/VoWifiGeneral_ParamUnitDesc.xml
/vendor/etc/audio_param/VoWifiUI_AudioParam.xml
/vendor/etc/audio_param/VoWifiUI_ParamUnitDesc.xml
/vendor/etc/audio_param/VoWifiVolUI_AudioParam.xml
/vendor/etc/audio_param/VoWifiVolUI_ParamUnitDesc.xml
/vendor/etc/audio_param/VoWifiVol_AudioParam.xml
/vendor/etc/audio_param/VoWifiVol_ParamUnitDesc.xml
/vendor/etc/audio_param/VoWifi_AudioParam.xml
/vendor/etc/audio_param/VoWifi_ParamTreeView.xml
/vendor/etc/audio_param/VoWifi_ParamUnitDesc.xml
/vendor/etc/audio_param/VoiceRecord_AudioParam.xml
/vendor/etc/audio_param/VoiceRecord_ParamUnitDesc.xml
/vendor/etc/audio_param/VolumeGainMapUL_AudioParam.xml
/vendor/etc/audio_param/VolumeGainMapUL_ParamUnitDesc.xml
/vendor/etc/audio_param/VolumeGainMap_AudioParam.xml
/vendor/etc/audio_param/VolumeGainMap_ParamUnitDesc.xml
/vendor/etc/audio_param/Volume_AudioParam.xml
/vendor/etc/audio_param/Volume_ParamUnitDesc.xml
/vendor/etc/custom.conf
/vendor/etc/diracmobile.config
/vendor/etc/mtk_omx_core.cfg
/vendor/etc/mtklog-config.prop
/vendor/etc/radvd/radvd.conf
/vendor/firmware/ROMv2_lm_patch_1_0_hdr.bin
/vendor/firmware/ROMv2_lm_patch_1_1_hdr.bin
/vendor/firmware/WIFI
/vendor/firmware/WIFI_RAM_CODE_6755
/vendor/firmware/WMT_SOC.cfg
/vendor/firmware/fm_cust.cfg
/vendor/firmware/mt6627_fm_channel_param.dat
/vendor/firmware/mt6627_fm_v1_coeff.bin
/vendor/firmware/mt6627_fm_v1_patch.bin
/vendor/firmware/pcm_deepidle.bin
/vendor/firmware/pcm_deepidle_by_mp1.bin
/vendor/firmware/pcm_deepidle_by_mp1_mt6355.bin
/vendor/firmware/pcm_deepidle_lpddr4.bin
/vendor/firmware/pcm_deepidle_lpddr4_by_mp1.bin
/vendor/firmware/pcm_deepidle_lpddr4_by_mp1_mt6355.bin
/vendor/firmware/pcm_deepidle_lpddr4_mt6355.bin
/vendor/firmware/pcm_deepidle_mt6355.bin
/vendor/firmware/pcm_mcdi_ddrdfs.bin
/vendor/firmware/pcm_mcdi_ddrdfs_lpddr4.bin
/vendor/firmware/pcm_mcdi_ddrdfs_lpddr4_mt6355.bin
/vendor/firmware/pcm_mcdi_ddrdfs_mt6355.bin
/vendor/firmware/pcm_sodi_ddrdfs.bin
/vendor/firmware/pcm_sodi_ddrdfs_by_mp1.bin
/vendor/firmware/pcm_sodi_ddrdfs_by_mp1_mt6355.bin
/vendor/firmware/pcm_sodi_ddrdfs_lpddr4.bin
/vendor/firmware/pcm_sodi_ddrdfs_lpddr4_by_mp1.bin
/vendor/firmware/pcm_sodi_ddrdfs_lpddr4_by_mp1_mt6355.bin
/vendor/firmware/pcm_sodi_ddrdfs_lpddr4_mt6355.bin
/vendor/firmware/pcm_sodi_ddrdfs_mt6355.bin
/vendor/firmware/pcm_suspend.bin
/vendor/firmware/pcm_suspend_by_mp1.bin
/vendor/firmware/pcm_suspend_by_mp1_mt6355.bin
/vendor/firmware/pcm_suspend_lpddr4.bin
/vendor/firmware/pcm_suspend_lpddr4_by_mp1.bin
/vendor/firmware/pcm_suspend_lpddr4_by_mp1_mt6355.bin
/vendor/firmware/pcm_suspend_lpddr4_mt6355.bin
/vendor/firmware/pcm_suspend_mt6355.bin
/vendor/lib/AVCSecureVdecCA.so
/vendor/lib/AVCSecureVencCA.so
/vendor/lib/HEVCSecureVdecCA.so
/vendor/lib/egl/egl.cfg
/vendor/lib/egl/libGLES_mali.so
/vendor/lib/hw/camera.mt6757.so
/vendor/lib/hw/gralloc.mt6757.so
/vendor/lib/hw/hwcomposer.mt6757.so
/vendor/lib/hw/lights.mt6757.so
/vendor/lib/hw/memtrack.mt6757.so
/vendor/lib/lib3a.so
/vendor/lib/lib3a_core1.so
/vendor/lib/libClearMotionFW.so
/vendor/lib/libCreateSceneMap.so
/vendor/lib/libHEVCdec_sa.ca7.android.so
/vendor/lib/libHpr_LocFace_mvfd_v1.0.so
/vendor/lib/libHpr_LocLandmark_sdm_v1.0.so
/vendor/lib/libJpgDecPipe.so
/vendor/lib/libJpgEncPipe.so
/vendor/lib/libMP4Converter.so
/vendor/lib/libMiraVision_jni.so
/vendor/lib/libMtkOmxAdpcmDec.so
/vendor/lib/libMtkOmxAdpcmEnc.so
/vendor/lib/libMtkOmxCore.so
/vendor/lib/libMtkOmxFlacDec.so
/vendor/lib/libMtkOmxG711Dec.so
/vendor/lib/libMtkOmxGsmDec.so
/vendor/lib/libMtkOmxMp3Dec.so
/vendor/lib/libMtkOmxRawDec.so
/vendor/lib/libMtkOmxVdecEx.so
/vendor/lib/libMtkOmxVenc.so
/vendor/lib/libMtkOmxVorbisEnc.so
/vendor/lib/libOpenCL.so
/vendor/lib/libOpenCLIcd.so
/vendor/lib/libOpenCv.so
/vendor/lib/libPQDCjni.so
/vendor/lib/libPQjni.so
/vendor/lib/libPano3DEngineJNI.so
/vendor/lib/libPhotoEnhance.so
/vendor/lib/libQjpeg.so
/vendor/lib/libRSDriver_mtk.so
/vendor/lib/libSDKRecognitionText.so
/vendor/lib/libSEF.so
/vendor/lib/libSamsungPkcs11Wrapper.so
/vendor/lib/libSecEmbms.so
/vendor/lib/libSecMMCodec.so
/vendor/lib/libSecPanoramaInterface.so
/vendor/lib/libSocialImageEffects.so
/vendor/lib/libSwJpgCodec.so
/vendor/lib/libaal.so
/vendor/lib/libabfadp.so
/vendor/lib/libacdk.so
/vendor/lib/libaed.so
/vendor/lib/libandroid_ssrm.so
/vendor/lib/libaudio_param_parser.so
/vendor/lib/libaudiocompensationfilter.so
/vendor/lib/libaudiocomponentengine.so
/vendor/lib/libaudiocustparam.so
/vendor/lib/libaudiodcrflt.so
/vendor/lib/libaudiohookclient.so
/vendor/lib/libaudiosetting.so
/vendor/lib/libaudiotoolkit.so
/vendor/lib/libbessound_hd_mtk.so
/vendor/lib/libblisrc.so
/vendor/lib/libblisrc32.so
/vendor/lib/libbluetooth_hw_test.so
/vendor/lib/libbluetooth_mtk.so
/vendor/lib/libbluetooth_mtk_pure.so
/vendor/lib/libbluetooth_relayer.so
/vendor/lib/libbluetoothem_mtk.so
/vendor/lib/libbt-vendor.so
/vendor/lib/libbwc.so
/vendor/lib/libcam.camadapter.so
/vendor/lib/libcam.camshot.so
/vendor/lib/libcam.client.so
/vendor/lib/libcam.device1.so
/vendor/lib/libcam.device3.so
/vendor/lib/libcam.feature_utils.so
/vendor/lib/libcam.featureio.pipe.panorama.so
/vendor/lib/libcam.hal3a.automation.so
/vendor/lib/libcam.hal3a.cctsvr.so
/vendor/lib/libcam.hal3a.log.so
/vendor/lib/libcam.hal3a.v3.dng.so
/vendor/lib/libcam.hal3a.v3.lsctbl.so
/vendor/lib/libcam.hal3a.v3.nvram.so
/vendor/lib/libcam.hal3a.v3.so
/vendor/lib/libcam.halsensor.so
/vendor/lib/libcam.iopipe.so
/vendor/lib/libcam.lcs.so
/vendor/lib/libcam.legacypipeline.so
/vendor/lib/libcam.paramsmgr.so
/vendor/lib/libcam1_utils.so
/vendor/lib/libcam3_app.so
/vendor/lib/libcam3_hwpipeline.so
/vendor/lib/libcam3a_imem.so
/vendor/lib/libcam_extension.so
/vendor/lib/libcam_platform.so
/vendor/lib/libcamalgo.so
/vendor/lib/libcamdrv_ccu.so
/vendor/lib/libcamdrv_ccuif.so
/vendor/lib/libcamdrv_cq_tuning_mgr.so
/vendor/lib/libcamdrv_imem.so
/vendor/lib/libcamdrv_isp.so
/vendor/lib/libcamdrv_tuning_mgr.so
/vendor/lib/libcamdrv_twin.so
/vendor/lib/libcameracustom.so
/vendor/lib/libccci_util.so
/vendor/lib/libconsumerir_core.so
/vendor/lib/libcustom_jni.so
/vendor/lib/libcustom_nvram.so
/vendor/lib/libcustom_prop.so
/vendor/lib/libcvsd_mtk.so
/vendor/lib/libdirect-coredump.so
/vendor/lib/libdngop.so
/vendor/lib/libdpframework.so
/vendor/lib/libdrmmtkutil.so
/vendor/lib/libdrmmtkwhitelist.so
/vendor/lib/libeffecthal.base.so
/vendor/lib/libeffecthal.cfb.so
/vendor/lib/libeffecthal.jpg.so
/vendor/lib/libexifa.so
/vendor/lib/libfeature.face.so
/vendor/lib/libfeature_3dnr.so
/vendor/lib/libfeature_cfb.so
/vendor/lib/libfeature_eis.so
/vendor/lib/libfeature_vfb.so
/vendor/lib/libfeatureio.featurefactory.so
/vendor/lib/libfile_op.so
/vendor/lib/libfmcust.so
/vendor/lib/libfmjni.so
/vendor/lib/libfposervice.so
/vendor/lib/libgas.so
/vendor/lib/libged.so
/vendor/lib/libgpu_aux.so
/vendor/lib/libgralloc_extra.so
/vendor/lib/libgui_ext.so
/vendor/lib/libh264dec_customize.so
/vendor/lib/libh264dec_sa.ca7.so
/vendor/lib/libh264dec_sd.ca7.so
/vendor/lib/libh264dec_se.ca7.so
/vendor/lib/libh264enc_sa.ca7.so
/vendor/lib/libh264enc_sb.ca7.so
/vendor/lib/libhdrproc.so
/vendor/lib/libhevce_sb.ca7.android.so
/vendor/lib/libhwm.so
/vendor/lib/libimageio.so
/vendor/lib/libimageio_plat_drv.so
/vendor/lib/libimageio_plat_pipe.so
/vendor/lib/libion_mtk.so
/vendor/lib/libispfeature.so
/vendor/lib/libjack.so
/vendor/lib/libjni_pq.so
/vendor/lib/libjpega.so
/vendor/lib/libknox_remotedesktopclient.so
/vendor/lib/liblic_divx.so
/vendor/lib/liblic_s263.so
/vendor/lib/liblog3a.so
/vendor/lib/libm4u.so
/vendor/lib/libmatv_cust.so
/vendor/lib/libmdloggerrecycle.so
/vendor/lib/libmemoryDumpEncoder.so
/vendor/lib/libmemorydumper.so
/vendor/lib/libmfllcore.so
/vendor/lib/libmhalImageCodec.so
/vendor/lib/libminiui.so
/vendor/lib/libmjcFakeEngine.so
/vendor/lib/libmmprofile.so
/vendor/lib/libmp4enc_sa.ca7.so
/vendor/lib/libmp4enc_xa.ca7.so
/vendor/lib/libmrdump.so
/vendor/lib/libmsbc_mtk.so
/vendor/lib/libmtcloader.so
/vendor/lib/libmtk_drvb.so
/vendor/lib/libmtk_mmutils.so
/vendor/lib/libmtkcam.featurepipe.streaming.so
/vendor/lib/libmtkcam_cct.so
/vendor/lib/libmtkcam_exif.so
/vendor/lib/libmtkcam_fwkutils.so
/vendor/lib/libmtkcam_hwnode.so
/vendor/lib/libmtkcam_hwutils.so
/vendor/lib/libmtkcam_imgbuf.so
/vendor/lib/libmtkcam_metadata.so
/vendor/lib/libmtkcam_metastore.so
/vendor/lib/libmtkcam_modulehelper.so
/vendor/lib/libmtkcam_pipeline.so
/vendor/lib/libmtkcam_stdutils.so
/vendor/lib/libmtkcam_streamutils.so
/vendor/lib/libmtkcam_sysutils.so
/vendor/lib/libmtkjpeg.so
/vendor/lib/libmtklimiter.so
/vendor/lib/libmtkplayer.so
/vendor/lib/libmtkshifter.so
/vendor/lib/libnativecheck-jni.so
/vendor/lib/libnvram.so
/vendor/lib/libnvram_daemon_callback.so
/vendor/lib/libnvram_platform.so
/vendor/lib/libnvram_sec.so
/vendor/lib/libnvramagentclient.so
/vendor/lib/libopensslsmime.so
/vendor/lib/libperfservd.so
/vendor/lib/libperfservice.so
/vendor/lib/libperfservicenative.so
/vendor/lib/libpq_cust_base.so
/vendor/lib/libpq_prot.so
/vendor/lib/libpqservice.so
/vendor/lib/libquram.so
/vendor/lib/libquramagifencoder.so
/vendor/lib/libratconfig.so
/vendor/lib/libremotedesktop_client.so
/vendor/lib/librgbwlightsensor.so
/vendor/lib/librrc.so
/vendor/lib/librt_extamp_intf.so
/vendor/lib/libsaiv.so
/vendor/lib/libsaiv_BeautySolutionLite.so
/vendor/lib/libsaiv_HprFace_FD_api.so
/vendor/lib/libsaiv_HprFace_FD_jni.so
/vendor/lib/libsaiv_HprFace_LD_api.so
/vendor/lib/libsaiv_HprFace_LD_jni.so
/vendor/lib/libsaiv_HprFace_utils_api.so
/vendor/lib/libsaiv_HprFace_utils_jni.so
/vendor/lib/libsaiv_vision.so
/vendor/lib/libsechelper_engine.so
/vendor/lib/libsecimaging.so
/vendor/lib/libsecjpeginterface.so
/vendor/lib/libsecpkcs11_engine.so
/vendor/lib/libsecure_storage.so
/vendor/lib/libsecure_storage_jni.so
/vendor/lib/libsemcamera_jni.so
/vendor/lib/libshowlogo.so
/vendor/lib/libsmart_cropping.so
/vendor/lib/libsomp.so
/vendor/lib/libspeech_enh_lib.so
/vendor/lib/libstagefrighthw.so
/vendor/lib/libsurfaceutil.so
/vendor/lib/libsysenv.so
/vendor/lib/libteecl.so
/vendor/lib/libthermalalgo.so
/vendor/lib/libthha.so
/vendor/lib/libtlc_comm.so
/vendor/lib/libtlc_tz_ccm.so
/vendor/lib/libudf.so
/vendor/lib/libui_ext.so
/vendor/lib/libuuid.so
/vendor/lib/libvc1dec_sa.ca7.so
/vendor/lib/libvcodec_oal.so
/vendor/lib/libvcodec_utility.so
/vendor/lib/libvcodecdrv.so
/vendor/lib/libvp8dec_sa.ca7.so
/vendor/lib/libvp8enc_sa.ca7.so
/vendor/lib/libvp9dec_sa.ca7.so
/vendor/lib/libvt_custom.so
/vendor/lib/mediadrm/libdrmclearkeyplugin.so
/vendor/lib/mediadrm/libmockdrmcryptoplugin.so
/vendor/lib/mediadrm/libwvdrmengine.so
/vendor/media/LMspeed_508.emd
/vendor/media/PFFprec_600.emd
/vendor/priv-app/CDS_INFO/CDS_INFO.apk
/vendor/system/bin/MtkCodecService
/vendor/system/bin/aal
/vendor/system/bin/aee
/vendor/system/bin/aee_archive
/vendor/system/bin/aee_core_forwarder
/vendor/system/bin/aee_dumpstate
/vendor/system/bin/akmd8963
/vendor/system/bin/akmd8975
/vendor/system/bin/ami304d
/vendor/system/bin/atci_service
/vendor/system/bin/atcid
/vendor/system/bin/audiocmdservice_atci
/vendor/system/bin/autokd
/vendor/system/bin/batterywarning
/vendor/system/bin/bmm050d
/vendor/system/bin/boot_logo_updater
/vendor/system/bin/ccci_fsd
/vendor/system/bin/ccci_mdinit
/vendor/system/bin/dhcp6c
/vendor/system/bin/dhcp6ctl
/vendor/system/bin/dhcp6s
/vendor/system/bin/dmlog
/vendor/system/bin/em_svr
/vendor/system/bin/emdlogger1
/vendor/system/bin/factory
/vendor/system/bin/fsck_msdos_mtk
/vendor/system/bin/fuelgauged
/vendor/system/bin/geomagneticd
/vendor/system/bin/gsm0710muxd
/vendor/system/bin/gsm0710muxdmd2
/vendor/system/bin/kpoc_charger
/vendor/system/bin/lcdc_screen_cap
/vendor/system/bin/lsm303md
/vendor/system/bin/magd
/vendor/system/bin/matv
/vendor/system/bin/mc6420d
/vendor/system/bin/md_ctrl
/vendor/system/bin/mdlogger
/vendor/system/bin/memorydumper
/vendor/system/bin/memsicd
/vendor/system/bin/memsicd3416x
/vendor/system/bin/meta_tst
/vendor/system/bin/mfv_ut
/vendor/system/bin/mnld
/vendor/system/bin/mobile_log_d
/vendor/system/bin/msensord
/vendor/system/bin/mtk_agpsd
/vendor/system/bin/mtkrild
/vendor/system/bin/mtkrildmd2
/vendor/system/bin/muxreport
/vendor/system/bin/netdiag
/vendor/system/bin/nvram_agent_binder
/vendor/system/bin/nvram_daemon
/vendor/system/bin/pq
/vendor/system/bin/pvrsrvctl
/vendor/system/bin/radvd
/vendor/system/bin/rtt
/vendor/system/bin/s62xd
/vendor/system/bin/sn
/vendor/system/bin/stp_dump3
/vendor/system/bin/terservice
/vendor/system/bin/tertestclient
/vendor/system/bin/thermal
/vendor/system/bin/thermal_manager
/vendor/system/bin/thermald
/vendor/system/bin/wifi2agps
/vendor/system/bin/wmt_loader
/vendor/system/lib/drm/libdrmmtkplugin.so
/vendor/system/lib/drm/libdrmwvmplugin.so
/vendor/system/lib/egl/egl.cfg
/vendor/system/lib/egl/libEGL_mtk.so
/vendor/system/lib/egl/libGLESv1_CM_mtk.so
/vendor/system/lib/egl/libGLESv2_mtk.so
/vendor/system/lib/hw/audio.a2dp.blueangel.so
/vendor/system/lib/hw/bluetooth.blueangel.so
/vendor/system/lib/hw/gralloc.mt6795.so
/vendor/system/lib/lib3a.so
/vendor/system/lib/libBnMtkCodec.so
/vendor/system/lib/libClearMotionFW.so
/vendor/system/lib/libIMGegl.so
/vendor/system/lib/libJpgDecPipe.so
/vendor/system/lib/libJpgEncPipe.so
/vendor/system/lib/libMtkOmxAdpcmDec.so
/vendor/system/lib/libMtkOmxAdpcmEnc.so
/vendor/system/lib/libMtkOmxApeDec.so
/vendor/system/lib/libMtkOmxCore.so
/vendor/system/lib/libMtkOmxFlacDec.so
/vendor/system/lib/libMtkOmxG711Dec.so
/vendor/system/lib/libMtkOmxGsmDec.so
/vendor/system/lib/libMtkOmxMp3Dec.so
/vendor/system/lib/libMtkOmxRawDec.so
/vendor/system/lib/libMtkOmxVenc.so
/vendor/system/lib/libMtkOmxVorbisEnc.so
/vendor/system/lib/libMtkVideoSpeedEffect.so
/vendor/system/lib/libPQDCjni.so
/vendor/system/lib/libPQjni.so
/vendor/system/lib/libPVROCL.so
/vendor/system/lib/libPVRScopeServices.so
/vendor/system/lib/libSwJpgCodec.so
/vendor/system/lib/libWVStreamControlAPI_L3.so
/vendor/system/lib/libaal.so
/vendor/system/lib/libaal_cust.so
/vendor/system/lib/libacdk.so
/vendor/system/lib/libaed.so
/vendor/system/lib/libatciserv_jni.so
/vendor/system/lib/libatvctrlservice.so
/vendor/system/lib/libaudiocompensationfilter.so
/vendor/system/lib/libaudiocomponentengine.so
/vendor/system/lib/libaudiocustparam.so
/vendor/system/lib/libaudiodcrflt.so
/vendor/system/lib/libaudiomtkdcremoval.so
/vendor/system/lib/libaudiosetting.so
/vendor/system/lib/libbessound_hd_mtk.so
/vendor/system/lib/libblisrc.so
/vendor/system/lib/libblisrc32.so
/vendor/system/lib/libbluetooth_mtk.so
/vendor/system/lib/libbluetooth_relayer.so
/vendor/system/lib/libbluetoothem_mtk.so
/vendor/system/lib/libbwc.so
/vendor/system/lib/libcam.camadapter.so
/vendor/system/lib/libcam.camshot.so
/vendor/system/lib/libcam.client.so
/vendor/system/lib/libcam.device1.so
/vendor/system/lib/libcam.halsensor.so
/vendor/system/lib/libcam.iopipe.so
/vendor/system/lib/libcam.jni.lomohaljni.so
/vendor/system/lib/libcam.paramsmgr.so
/vendor/system/lib/libcam1_utils.so
/vendor/system/lib/libcam_platform.so
/vendor/system/lib/libcamalgo.so
/vendor/system/lib/libcameracustom.so
/vendor/system/lib/libccci_util.so
/vendor/system/lib/libcustom_jni.so
/vendor/system/lib/libcustom_nvram.so
/vendor/system/lib/libcustom_prop.so
/vendor/system/lib/libcvsd_mtk.so
/vendor/system/lib/libdirect-coredump.so
/vendor/system/lib/libdpframework.so
/vendor/system/lib/libdrmmtkutil.so
/vendor/system/lib/libdrmmtkwhitelist.so
/vendor/system/lib/libem_bt_jni.so
/vendor/system/lib/libem_gpio_jni.so
/vendor/system/lib/libem_lte_jni.so
/vendor/system/lib/libem_modem_jni.so
/vendor/system/lib/libem_sensor_jni.so
/vendor/system/lib/libem_support_jni.so
/vendor/system/lib/libem_usb_jni.so
/vendor/system/lib/libem_wifi_jni.so
/vendor/system/lib/libfile_op.so
/vendor/system/lib/libfmcust.so
/vendor/system/lib/libfmjni.so
/vendor/system/lib/libged.so
/vendor/system/lib/libglslcompiler.so
/vendor/system/lib/libgpu_aux.so
/vendor/system/lib/libgralloc_extra.so
/vendor/system/lib/libgui_ext.so
/vendor/system/lib/libhwm.so
/vendor/system/lib/libimageio.so
/vendor/system/lib/libimageio_plat_drv.so
/vendor/system/lib/libion_mtk.so
/vendor/system/lib/libjni_lomoeffect.so
/vendor/system/lib/libjni_pq.so
/vendor/system/lib/libm4u.so
/vendor/system/lib/libmatv_cust.so
/vendor/system/lib/libmdloggerrecycle.so
/vendor/system/lib/libmemoryDumpEncoder.so
/vendor/system/lib/libmemorydumper.so
/vendor/system/lib/libmhalImageCodec.so
/vendor/system/lib/libmmprofile.so
/vendor/system/lib/libmmprofile_jni.so
/vendor/system/lib/libmmsdkservice.so
/vendor/system/lib/libmnl.so
/vendor/system/lib/libmp4enc_sa.ca7.so
/vendor/system/lib/libmsbc_mtk.so
/vendor/system/lib/libmtcloader.so
/vendor/system/lib/libmtk_drvb.so
/vendor/system/lib/libmtk_mmutils.so
/vendor/system/lib/libmtkjpeg.so
/vendor/system/lib/libmtklimiter.so
/vendor/system/lib/libmtkplayer.so
/vendor/system/lib/libmtkshifter.so
/vendor/system/lib/libnativecheck-jni.so
/vendor/system/lib/libnvram.so
/vendor/system/lib/libnvram_daemon_callback.so
/vendor/system/lib/libnvram_platform.so
/vendor/system/lib/libnvram_sec.so
/vendor/system/lib/libnvramagentclient.so
/vendor/system/lib/liboclcompiler.so
/vendor/system/lib/libperfservice.so
/vendor/system/lib/libperfservicenative.so
/vendor/system/lib/libpq_prot.so
/vendor/system/lib/libpvrANDROID_WSEGL.so
/vendor/system/lib/librilmtk.so
/vendor/system/lib/librilmtkmd2.so
/vendor/system/lib/libshowlogo.so
/vendor/system/lib/libspeech_enh_lib.so
/vendor/system/lib/libsrv_um.so
/vendor/system/lib/libstagefrighthw.so
/vendor/system/lib/libtimestretch.so
/vendor/system/lib/libtouchfilter.so
/vendor/system/lib/libudf.so
/vendor/system/lib/libufwriter.so
/vendor/system/lib/libui_ext.so
/vendor/system/lib/libusc.so
/vendor/system/lib/libvc1dec_sa.ca7.so
/vendor/system/lib/libvcodec_oal.so
/vendor/system/lib/libvcodec_utility.so
/vendor/system/lib/libvcodecdrv.so
/vendor/system/lib/libvoicerecognition.so
/vendor/system/lib/libvoicerecognition_jni.so
/vendor/system/lib/libvp8dec_sa.ca7.so
/vendor/system/lib/libvp8enc_sa.ca7.so
/vendor/system/lib/libvp9dec_sa.ca7.so
/vendor/system/lib/libwvdrm_L3.so
/vendor/system/lib/libwvm.so
/vendor/system/lib/mediadrm/libmockdrmcryptoplugin.so
/vendor/system/lib/mediadrm/libwvdrmengine.so
/vendor/system/lib/mtk-ril.so
/vendor/system/lib/mtk-rilmd2.so
/vendor/system/lib64/drm/libdrmmtkplugin.so
/vendor/system/lib64/egl/libEGL_mtk.so
/vendor/system/lib64/egl/libGLESv1_CM_mtk.so
/vendor/system/lib64/egl/libGLESv2_mtk.so
/vendor/system/lib64/hw/gralloc.mt6795.so
/vendor/system/lib64/lib3a.so
/vendor/system/lib64/libBnMtkCodec.so
/vendor/system/lib64/libIMGegl.so
/vendor/system/lib64/libJpgDecPipe.so
/vendor/system/lib64/libJpgEncPipe.so
/vendor/system/lib64/libMtkOmxCore.so
/vendor/system/lib64/libMtkVideoSpeedEffect.so
/vendor/system/lib64/libPQDCjni.so
/vendor/system/lib64/libPQjni.so
/vendor/system/lib64/libPVROCL.so
/vendor/system/lib64/libPVRScopeServices.so
/vendor/system/lib64/libSwJpgCodec.so
/vendor/system/lib64/libaal.so
/vendor/system/lib64/libaal_cust.so
/vendor/system/lib64/libacdk.so
/vendor/system/lib64/libaed.so
/vendor/system/lib64/libatciserv_jni.so
/vendor/system/lib64/libatvctrlservice.so
/vendor/system/lib64/libaudiocompensationfilter.so
/vendor/system/lib64/libaudiocomponentengine.so
/vendor/system/lib64/libaudiocustparam.so
/vendor/system/lib64/libaudiodcrflt.so
/vendor/system/lib64/libaudiosetting.so
/vendor/system/lib64/libbessound_hd_mtk.so
/vendor/system/lib64/libblisrc.so
/vendor/system/lib64/libblisrc32.so
/vendor/system/lib64/libbluetooth_mtk.so
/vendor/system/lib64/libbluetooth_relayer.so
/vendor/system/lib64/libbluetoothem_mtk.so
/vendor/system/lib64/libbwc.so
/vendor/system/lib64/libcam.camadapter.so
/vendor/system/lib64/libcam.camshot.so
/vendor/system/lib64/libcam.client.so
/vendor/system/lib64/libcam.device1.so
/vendor/system/lib64/libcam.halsensor.so
/vendor/system/lib64/libcam.iopipe.so
/vendor/system/lib64/libcam.jni.lomohaljni.so
/vendor/system/lib64/libcam.paramsmgr.so
/vendor/system/lib64/libcam1_utils.so
/vendor/system/lib64/libcam_platform.so
/vendor/system/lib64/libcamalgo.so
/vendor/system/lib64/libcameracustom.so
/vendor/system/lib64/libccci_util.so
/vendor/system/lib64/libcom_fingerprints_productiontestmanager.so
/vendor/system/lib64/libcom_fingerprints_sensor.so
/vendor/system/lib64/libcustom_jni.so
/vendor/system/lib64/libcustom_nvram.so
/vendor/system/lib64/libcustom_prop.so
/vendor/system/lib64/libcvsd_mtk.so
/vendor/system/lib64/libdirect-coredump.so
/vendor/system/lib64/libdpframework.so
/vendor/system/lib64/libdrmmtkutil.so
/vendor/system/lib64/libdrmmtkwhitelist.so
/vendor/system/lib64/libem_bt_jni.so
/vendor/system/lib64/libem_gpio_jni.so
/vendor/system/lib64/libem_lte_jni.so
/vendor/system/lib64/libem_modem_jni.so
/vendor/system/lib64/libem_sensor_jni.so
/vendor/system/lib64/libem_support_jni.so
/vendor/system/lib64/libem_usb_jni.so
/vendor/system/lib64/libem_wifi_jni.so
/vendor/system/lib64/libfile_op.so
/vendor/system/lib64/libfmcust.so
/vendor/system/lib64/libfmjni.so
/vendor/system/lib64/libged.so
/vendor/system/lib64/libglslcompiler.so
/vendor/system/lib64/libgpu_aux.so
/vendor/system/lib64/libgralloc_extra.so
/vendor/system/lib64/libgui_ext.so
/vendor/system/lib64/libhwm.so
/vendor/system/lib64/libimageio.so
/vendor/system/lib64/libimageio_plat_drv.so
/vendor/system/lib64/libion_mtk.so
/vendor/system/lib64/libjni_lomoeffect.so
/vendor/system/lib64/libjni_pq.so
/vendor/system/lib64/libm4u.so
/vendor/system/lib64/libmatv_cust.so
/vendor/system/lib64/libmdloggerrecycle.so
/vendor/system/lib64/libmemoryDumpEncoder.so
/vendor/system/lib64/libmemorydumper.so
/vendor/system/lib64/libmhalImageCodec.so
/vendor/system/lib64/libmmprofile.so
/vendor/system/lib64/libmmprofile_jni.so
/vendor/system/lib64/libmsbc_mtk.so
/vendor/system/lib64/libmtk_drvb.so
/vendor/system/lib64/libmtk_mmutils.so
/vendor/system/lib64/libmtkjpeg.so
/vendor/system/lib64/libmtklimiter.so
/vendor/system/lib64/libmtkplayer.so
/vendor/system/lib64/libmtkshifter.so
/vendor/system/lib64/libnativecheck-jni.so
/vendor/system/lib64/libnvram.so
/vendor/system/lib64/libnvram_daemon_callback.so
/vendor/system/lib64/libnvram_platform.so
/vendor/system/lib64/libnvram_sec.so
/vendor/system/lib64/libnvramagentclient.so
/vendor/system/lib64/liboclcompiler.so
/vendor/system/lib64/libperfservice.so
/vendor/system/lib64/libperfservicenative.so
/vendor/system/lib64/libpq_prot.so
/vendor/system/lib64/libprodtestlib.so
/vendor/system/lib64/libpvrANDROID_WSEGL.so
/vendor/system/lib64/librilmtk.so
/vendor/system/lib64/librilmtkmd2.so
/vendor/system/lib64/libspeech_enh_lib.so
/vendor/system/lib64/libsrv_init.so
/vendor/system/lib64/libsrv_um.so
/vendor/system/lib64/libstagefrighthw.so
/vendor/system/lib64/libterservice.so
/vendor/system/lib64/libtimestretch.so
/vendor/system/lib64/libtouchfilter.so
/vendor/system/lib64/libudf.so
/vendor/system/lib64/libufwriter.so
/vendor/system/lib64/libui_ext.so
/vendor/system/lib64/libusc.so
/vendor/system/lib64/libvcodec_oal.so
/vendor/system/lib64/libvcodec_utility.so
/vendor/system/lib64/libvcodecdrv.so
/vendor/system/lib64/libwapi.so
/vendor/system/lib64/libwifitest.so
/vendor/system/lib64/mediadrm/libmockdrmcryptoplugin.so
/vendor/system/lib64/mtk-ril.so
/vendor/system/lib64/mtk-rilmd2.so
/vendor/lib/AVCSecureVdecCA.so
/data/tombstones/tombstone_00
/data/misc/net/rt_tables
/system/vendor/lib/soundfx/libhwdap.so

