akmd8975.te
ami304d.te
attributes
audioserver.te
batterywarning.te
bluetooth.te
ccci_fsd.te
ccci_mdinit.te
conn_launcher.te
device.te
dhcp.te
domain.te
etsd.te
factory.te
file.te
file_contexts
fingerprintd.te
flashlessd.te
fs_use
fsck.te
fsck_untrusted.te
fuelgauged.te
ged_srv.te
genfs_contexts
gsm0710muxd.te
healthd.te
hostapd.te
init.te
ipo_swap.te
isolated_app.te
kernel.te
launchpppoe.te
lmkd.te
logd.te
matv.te
mc6420d.te
md_ctrl.te
mediaserver.te
memsicd.te
memsicd3416x.te
meta_tst.te
mkfs.te
mmp.te
mnld.te
mobicore.te
msensord.te
mtk_agpsd.te
mtk_wmt_launcher.te
mtkmal.te
mtp.te
muxreport.te
mxg2320d.te
net.te
netd.te
nvram_daemon.te
orientationd.te
permissive.te
platform_app.te
pppd_btdun.te
pq.te
priv_app.te
property.te
property_contexts
qmc6983d.te
radio.te
rda.te
resize.te
ril-daemon-mtk.te
s62xd.te
service.te
service_contexts
sn.te
spm_loader.te
st480.te
surfaceflinger.te
system_server.te
tee.te
terservice.te
thermal.te
thermal_manager.te
thermald.te
thermalloadalgo.te
thermalloadalgod.te
tune2fs.te
ueventd.te
untrusted_app.te
wifi2agps.te
wmt_loader.te
wpa.te
zygote.te
