  bgw.current3gband=0 \\
  com.mediatek.log.modem.enabled=true \\
  dalvik.vm.dex2oat-Xms=64m \\
  dalvik.vm.dex2oat-Xmx=64m \\
  dalvik.vm.heapgrowthlimit=256m \\
  dalvik.vm.heapsize=512m \\
  dalvik.vm.image-dex2oat-Xms=64m \\
  dalvik.vm.image-dex2oat-Xmx=64m \\
  dalvik.vm.isa.arm.features=default \\
  dalvik.vm.isa.arm.variant=cortex-a53 \\
  dalvik.vm.isa.arm64.features=default \\
  dalvik.vm.isa.arm64.variant=cortex-a53 \\
  dalvik.vm.mtk-stack-trace-file=/data/anr/mtk_traces.txt \\
  dalvik.vm.stack-trace-file=/data/anr/traces.txt \\
  drm.service.enabled=true \\
  fmradio.driver.enable=1 \\
  mediatek.wlan.chip=CONSYS_MT6757 \\
  mediatek.wlan.ctia=0 \\
  mediatek.wlan.module.postfix=_consys_mt6757 \\
  mtk.eccci.c2k=enabled \\
  mtk.vdec.waitkeyframeforplay=1 \\
  net.bt.name=Android \\
  or.build.serialname=BUINBM9TJ7CAYDG6 \\
  or.build.vibratortime=0 \\
  or.build.vibratorvol=0 \\
  or.button.ledvalue=-1 \\
  persist.datashaping.alarmgroup=1 \\
  persist.log.tag.AT=I \\
  persist.log.tag.AdnRecord=I \\
  persist.log.tag.AdnRecordCache=I \\
  persist.log.tag.AdnRecordLoader=I \\
  persist.log.tag.AirplaneHandler=I \\
  persist.log.tag.AutoRegSmsFwk=I \\
  persist.log.tag.C2K_AT=I \\
  persist.log.tag.C2K_ATConfig=I \\
  persist.log.tag.C2K_RIL-DATA=I \\
  persist.log.tag.C2K_RILC=I \\
  persist.log.tag.CdmaMoSms=I \\
  persist.log.tag.CdmaMtSms=I \\
  persist.log.tag.ConSmsFwkExt=I \\
  persist.log.tag.CountryDetector=I \\
  persist.log.tag.DC-1=I \\
  persist.log.tag.DC-2=I \\
  persist.log.tag.DCT=I \\
  persist.log.tag.DataDispatcher=I \\
  persist.log.tag.DataOnlySmsFwk=I \\
  persist.log.tag.DataSubSelector=I \\
  persist.log.tag.DcFcMgr=I \\
  persist.log.tag.DupSmsFilterExt=I \\
  persist.log.tag.ECCCallHelper=I \\
  persist.log.tag.ECCNumUtils=I \\
  persist.log.tag.ECCRetryHandler=I \\
  persist.log.tag.ECCRuleHandler=I \\
  persist.log.tag.ECCSwitchPhone=I \\
  persist.log.tag.GbaApp=I \\
  persist.log.tag.GbaBsfProcedure=I \\
  persist.log.tag.GbaBsfResponse=I \\
  persist.log.tag.GbaDebugParam=I \\
  persist.log.tag.GbaService=I \\
  persist.log.tag.GsmCdmaConn=I \\
  persist.log.tag.GsmCdmaPhone=I \\
  persist.log.tag.GsmConnection=I \\
  persist.log.tag.GsmMmiCode=I \\
  persist.log.tag.IMSRILRequest=I \\
  persist.log.tag.IMS_RILA=I \\
  persist.log.tag.IccCardProxy=I \\
  persist.log.tag.IccPhoneBookIM=I \\
  persist.log.tag.IccProvider=I \\
  persist.log.tag.ImsApp=I \\
  persist.log.tag.ImsBaseCommands=I \\
  persist.log.tag.ImsCall=I \\
  persist.log.tag.ImsCallProfile=I \\
  persist.log.tag.ImsCallSession=I \\
  persist.log.tag.ImsEcbm=I \\
  persist.log.tag.ImsEcbmProxy=I \\
  persist.log.tag.ImsManager=I \\
  persist.log.tag.ImsPhone=I \\
  persist.log.tag.ImsPhoneBase=I \\
  persist.log.tag.ImsPhoneCall=I \\
  persist.log.tag.ImsService=I \\
  persist.log.tag.ImsUt=I \\
  persist.log.tag.ImsUtService=I \\
  persist.log.tag.ImsVTProvider=I \\
  persist.log.tag.IsimFileHandler=I \\
  persist.log.tag.IsimRecords=I \\
  persist.log.tag.MtkAgpsHelper=I \\
  persist.log.tag.NetworkPolicy=I \\
  persist.log.tag.NetworkStats=I \\
  persist.log.tag.OperatorUtils=I \\
  persist.log.tag.Phone=I \\
  persist.log.tag.PhoneFactory=I \\
  persist.log.tag.ProxyController=I \\
  persist.log.tag.RFX=I \\
  persist.log.tag.RIL-CC=I \\
  persist.log.tag.RIL-DATA=I \\
  persist.log.tag.RIL-OEM=I \\
  persist.log.tag.RIL-PHB=I \\
  persist.log.tag.RIL-RP=I \\
  persist.log.tag.RIL-SIM=I \\
  persist.log.tag.RIL-SMS=I \\
  persist.log.tag.RIL-SS=I \\
  persist.log.tag.RIL=I \\
  persist.log.tag.RILC-MTK=I \\
  persist.log.tag.RILC-RP=I \\
  persist.log.tag.RILC=I \\
  persist.log.tag.RILD=I \\
  persist.log.tag.RILMD2-SS=I \\
  persist.log.tag.RILMUXD=I \\
  persist.log.tag.RIL_Mux=I \\
  persist.log.tag.RIL_UIM_SOCKET=I \\
  persist.log.tag.RadioManager=I \\
  persist.log.tag.RetryManager=I \\
  persist.log.tag.RfxAction=I \\
  persist.log.tag.RfxController=I \\
  persist.log.tag.RfxDT=I \\
  persist.log.tag.RfxDebugInfo=I \\
  persist.log.tag.RfxDefDestUtils=I \\
  persist.log.tag.RfxMainThread=I \\
  persist.log.tag.RfxMessage=I \\
  persist.log.tag.RfxObject=I \\
  persist.log.tag.RfxRilAdapter=I \\
  persist.log.tag.RfxRoot=I \\
  persist.log.tag.RfxSM=I \\
  persist.log.tag.RfxSocketSM=I \\
  persist.log.tag.RfxTimer=I \\
  persist.log.tag.RpAudioControl=I \\
  persist.log.tag.RpCallControl=I \\
  persist.log.tag.RpCdmaOemCtrl=I \\
  persist.log.tag.RpCdmaRadioCtrl=I \\
  persist.log.tag.RpFOUtils=I \\
  persist.log.tag.RpMDCtrl=I \\
  persist.log.tag.RpModemMessage=I \\
  persist.log.tag.RpRadioCtrl=I \\
  persist.log.tag.RpRadioMessage=I \\
  persist.log.tag.RpSsController=I \\
  persist.log.tag.SIMRecords=I \\
  persist.log.tag.SSDecisonMaker=I \\
  persist.log.tag.SimservType=I \\
  persist.log.tag.SimservsTest=I \\
  persist.log.tag.SlotQueueEntry=I \\
  persist.log.tag.SmsPlusCode=I \\
  persist.log.tag.SpnOverride=I \\
  persist.log.tag.SresResponse=I \\
  persist.log.tag.SuppMsgMgr=I \\
  persist.log.tag.SuppSrvConfig=I \\
  persist.log.tag.TeleConfCtrler=I \\
  persist.log.tag.TeleConnService=I \\
  persist.log.tag.TelephonyConf=I \\
  persist.log.tag.TelephonyConn=I \\
  persist.log.tag.UiccCard=I \\
  persist.log.tag.UiccController=I \\
  persist.log.tag.VT=I \\
  persist.log.tag.WfoApp=I \\
  persist.log.tag.tel_log_ctrl=1 \\
  persist.meta.dumpdata=0 \\
  persist.mtk.connsys.poweron.ctl=0 \\
  persist.mtk.datashaping.support=1 \\
  persist.mtk.volte.enable=1 \\
  persist.mtk.wcn.combo.chipid=-1 \\
  persist.mtk.wcn.dynamic.dump=0 \\
  persist.mtk.wcn.patch.version=-1 \\
  persist.mtk_dynamic_ims_switch=0 \\
  persist.mtk_epdg_support=1 \\
  persist.mtk_ims_support=1 \\
  persist.mtk_nlp_switch_support=1 \\
  persist.mtk_usp_md_sbp_code=2 \\
  persist.mtk_vilte_support=1 \\
  persist.mtk_volte_support=1 \\
  persist.mtk.wcn.fwlog.status=1 \\
  persist.mtk.wcn.dynamic.dump=1 \\
  persist.mtklog.mdlog.mdsilrbt=0 \\
  persist.ril.features=0x102 \\
  persist.ril.modem.mode=2 \\
  persist.ril.mux.noofchannels=10 \\
  persist.radio.default.sim=1 \\
  persist.radio.fd.counter=15 \\
  persist.radio.fd.off.counter=5 \\
  persist.radio.fd.off.r8.counter=15 \\
  persist.radio.fd.r8.counter=5 \\
  persist.radio.flashless.fsm=0 \\
  persist.radio.flashless.fsm_cst=0 \\
  persist.radio.flashless.fsm_rw=0 \\
  persist.radio.mobile.data=1 \\
  persist.radio.mtk_dsbp_support=1 \\
  persist.radio.mtk_ps2_rat=G \\
  persist.radio.mtk_ps3_rat=G \\
  persist.radio.multisim.config=dsds \\
  persist.runningbooster.upgrade=1 \\
  persist.service.adb.enable=1 \\
  persist.service.debuggable=1 \\
  persist.sys.dalvik.vm.lib.2=libart.so \\
  persist.sys.root_access=1 \\
  persist.sys.usb.config=mtp,adb \\
  persist.radio.ap.phonetype=1 \\
  pm.dexopt.ab-ota=speed-profile \\
  pm.dexopt.bg-dexopt=speed-profile \\
  pm.dexopt.boot=verify-profile \\
  pm.dexopt.core-app=speed \\
  pm.dexopt.first-boot=interpret-only \\
  pm.dexopt.forced-dexopt=speed \\
  pm.dexopt.install=interpret-only \\
  pm.dexopt.nsys-library=speed \\
  pm.dexopt.shared-apk=speed \\
  qemu.hw.mainkeys=0 \\
  ril.external.md=0 \\
  ril.first.md=1 \\
  ril.flightmode.poweroffMD=1 \\
  ril.radiooff.poweroffMD=0 \\
  ril.read.imsi=1 \\
  ril.specific.sm_cause=0 \\
  ril.telephony.mode=1 \\
  rild.libpath=mtk-ril.so \\
  rild.libargs=-d /dev/ttyC0 \\
  ro.CALENDAR_VALUE_TYPE=4 \\
  ro.REMOVE_HALL_TEST=yes \\
  ro.SUB_FLASHLIGHT=yes \\
  ro.acc.alps.calibration=acc,alps \\
  ro.adb.secure=0 \\
  ro.ag.userswitch=no \\
  ro.agui.accident=no \\
  ro.agui.add.contact.count=yes \\
  ro.agui.add.eyeprotect=no \\
  ro.agui.add.focus.sound=yes \\
  ro.agui.appname.mult=yes \\
  ro.agui.camera_live_photo=no \\
  ro.agui.changelable=yes \\
  ro.agui.colorful.led=None,Red,Green,Blue \\
  ro.agui.cts=yes \\
  ro.agui.customversion.remove=yes \\
  ro.agui.datausage.enable=no \\
  ro.agui.eng_mode_show_dialog=no \\
  ro.agui.findsensor=front \\
  ro.agui.fingerprint_back=yes \\
  ro.agui.fingerprint_home=no \\
  ro.agui.hide.draintime=yes \\
  ro.agui.keymap=VOLUMEUP,VOLUMEDOWN \\
  ro.agui.kg_longhome_fl_useable=no \\
  ro.agui.led.nomed=yes \\
  ro.agui.nav_hide_btn=false \\
  ro.agui.nav_home_long_recent=yes \\
  ro.agui.non_touch_operation=no \\
  ro.agui.one_hand_mode=no \\
  ro.agui.remove.baseversion=yes \\
  ro.agui.remove.bg_task_clear=yes \\
  ro.agui.remove.eye_protect=yes \\
  ro.agui.remove.wallpaper.menu=yes \\
  ro.agui.rm_live_in_bokeh=no \\
  ro.agui.system.gesture=yes \\
  ro.agui.tee.test=yes \\
  ro.agui.tpd.add.gesture=yes \\
  ro.agui.usbstorage.name=d0ndroid \\
  ro.agui_default_storage_sd=yes \\
  ro.agui_double_tap_power_cam=yes \\
  ro.agui_fingerprint.function=yes \\
  ro.alarm.silence.time=5 \\
  ro.alarm.snooze.time=5 \\
  ro.allow.mock.location=1 \\
  ro.app.short.cut=Settings \\
  ro.audio.silent=0 \\
  ro.audioprofile.more=no \\
  ro.audioprofile_general_vibrate=no \\
  ro.audioprofile_general_vibrate=yes \\
  ro.auto.time.update=yes \\
  ro.auto.timezone.update=yes \\
  ro.battery_charging_led=yes \\
  ro.bg.task.clear=0 \\
  ro.board.platform=mt6757 \\
  ro.boot.opt_c2k_lte_mode=2 \\
  ro.boot.opt_c2k_support=1 \\
  ro.boot.opt_eccci_c2k=1 \\
  ro.boot.opt_irat_support=1 \\
  ro.boot.opt_lte_support=1 \\
  ro.boot.opt_md1_support=11 \\
  ro.boot.opt_md3_support=2 \\
  ro.boot.opt_using_default=1 \\
  ro.browser.homepage=http://google.com \\
  ro.build.autobrightness=yes \\
  ro.build.bluetooth.name=d0ndroid \\
  ro.build.date.format=yyyy-MM-dd \\
  ro.build.default.scrbrightness=153 \\
  ro.build.fontsize=AGOLD_EMPTY \\
  ro.build.host=d0nmachine \\
  ro.build.ipo.setting=yes \\
  ro.build.keyboard.touchaudio=yes \\
  ro.build.lockwallpaper=com.agold.launcher.wallpaper/wallpaper_11 \\
  ro.build.lockwpfunc=yes \\
  ro.build.max.scrbrightness=255 \\
  ro.build.product=p15v57c2k_gq_tee \\
  ro.build.selinux.enforce=1 \\
  ro.build.selinux=1 \\
  ro.build.shutdown.animation=no \\
  ro.build.staticwp=com.agold.launcher.wallpaper/wallpaper_11 \\
  ro.build.tags=release-keys \\
  ro.build.time.format=24 \\
  ro.build.touch.sound=yes \\
  ro.build.user=d0n \\
  ro.build.wifi.ssid=d0ndroid \\
  ro.build.wifip2pDN=T1 \\
  ro.calll.hed.mic=unknown \\
  ro.calll.hnd.mic=unknown \\
  ro.calll.nor.mic=unknown \\
  ro.camera.longpress_start=yes \\
  ro.camera.sound.forced=0 \\
  ro.carrier=unknown \\
  ro.cdma.cfall.disable=*730 \\
  ro.cdma.cfb.disable=*900 \\
  ro.cdma.cfb.enable=*90 \\
  ro.cdma.cfdf.disable=*680 \\
  ro.cdma.cfdf.enable=*68 \\
  ro.cdma.cfnr.disable=*920 \\
  ro.cdma.cfnr.enable=*92 \\
  ro.cdma.cfu.disable=*720 \\
  ro.cdma.cfu.enable=*72 \\
  ro.cdma.cw.disable=*740 \\
  ro.cdma.cw.enable=*74 \\ <F6>z67zu
  ro.closescreen.timeout=6000 \\
  ro.cloud.settings.ui=0 \\
  ro.com.android.dateformat=yyyy-MM-dd \\
  ro.com.android.mobiledata=no \\
  ro.com.google.clientidbase=android-agold \\
  ro.config.alarm_alert=Alarm_Classic.ogg \\
  ro.config.mms_sound=TaDa.ogg \\
  ro.config.multimode_cdma=0 \\
  ro.config.multimode_cdma=false \\
  ro.radio.networkmode=enable \\
  ro.telephony.default_network=3 \\
  ro.ril.def.preferred.network=3 \\
  persist.sys.report_gprs_as_edge=1 \\
  ro.gsm.data_retry_config=default_randomization=2000,max_retries=infinite,1000,1000,80000,125000,485000,905000 \\
  ro.gsm.2nd_data_retry_config=max_retries=1,15000 \\
  ro.telephony.get_imsi_from_sim=true \\
  ro.telephony.gsm-routes-us-smsc=0 \\
  ro.telephony.ril.config=fakeiccid \\
  security.perf_harden=1 \\
  ro.dalvik.vm.native.bridge=0 \\
  ro.config.nav_bar_show=yes \\
  ro.mot.ds.fastdormancy.disable=true \\
  ro.mot.eri=0 \\
  ro.mot.hw.HAC=1 \\
  ro.mot.phonemode.vzwglobalphone=0 \\
  ro.mot.phonemode.vzw4gphone=0 \\
  ro.com.android.dateformat=yyyy-MM-dd \\
  ro.product.locale.region=DE \\
  ro.config.notification_sound=TaDa.ogg \\
  ro.carrier=unknown
  ro.HorizontalBUA=false
  ro.HorizontalVVM=false
  ro.com.google.clientidbase.am=android-google
  ro.com.google.clientidbase.ms=android-google
  ro.com.google.clientidbase.yt=android-google
  ro.config.ringtone=ANDROMEDA.ogg \\
  ro.cts_mode=yes \\
  ro.debuggable=1 \\
  ro.def.bt.in.vol=unknown \\
  ro.def.bt.out.vol=unknown \\
  ro.def.camera.ais=off \\
  ro.def.camera.antiband.main=auto \\
  ro.def.camera.antiband.sub=auto \\
  ro.def.camera.bright.main=middle \\
  ro.def.camera.bright.sub=middle \\
  ro.def.camera.exposure.main=0 \\
  ro.def.camera.exposure.sub=0 \\
  ro.def.camera.face=off \\
  ro.def.camera.flash.main=auto \\
  ro.def.camera.flash.sub=off \\
  ro.def.camera.flash=off \\
  ro.def.camera.pic.size.main=4672x3504 \\
  ro.def.camera.pic.size.sub=4160x3120 \\
  ro.def.camera.video.quality=110 \\
  ro.def.camera.zsd.main=AGOLD_EMPTY \\
  ro.def.camera.zsd.sub=AGOLD_EMPTY \\
  ro.def.camera.zsd=on \\
  ro.def.remove.screen.pining=0 \\
  ro.def.support.absolute=0 \\
  ro.def.support.antutu=0 \\
  ro.def.support.ddm.key=0 \\
  ro.def.touch.photo=on \\
  ro.def.volume.alarm=11 \\
  ro.def.volume.bluetooth.sco=6 \\
  ro.def.volume.dtmf=6 \\
  ro.def.volume.music=11 \\
  ro.def.volume.notification=11 \\
  ro.def.volume.ring=11 \\
  ro.def.volume.system.enforced=6 \\
  ro.def.volume.system=11 \\
  ro.def.volume.voice.calll=6 \\
  ro.def.volume.volume.tts=6 \\
  ro.default.gps.switch=gps,network \\
  ro.default.usb_charging=yes \\
  ro.default_battery_percentage=yes \\
  ro.dial_on_resume=yes \\
  ro.dialpad.tone.volume=80 \\
  ro.disable.xlog=0 \\
  ro.enable.internet.call=no \\
  ro.factest.charge.cur_enable=0 \\
  ro.factest.compass=0 \\
  ro.factest.gps.auto=0 \\
  ro.factest.led.red_green=0 \\
  ro.factest.touchfollow=0 \\
  ro.fastpass.gms_support=yes \\
  ro.fingerprint.keep_fingers=yes \\
  ro.fingerprint.support=SUNWAVE_TRUSTKERNEL \\
  ro.fota.app=5 \\
  ro.fota.device=T1 \\
  ro.fota.oem=aglod6757_7.0 \\
  ro.fota.platform=MTK6757_7.0 \\
  ro.fota.type=phone \\
  ro.frp.pst=/dev/block/platform/mtk-msdc.0/11230000.msdc0/by-name/frp \\
  ro.gallery.scale.image=0.76 \\
  ro.gangyun_camera_beauty=1 \\
  ro.gangyun_camera_bokeh=1 \\
  ro.gprs.switch=no \\
  ro.gqp15.cts.kernel.version=yes \\
  ro.gravity.rotation=yes \\
  ro.hardware=mt6757 \\
  ro.have_aacencode_feature=1 \\
  ro.have_aee_feature=1 \\
  ro.hed.analog.audio.max=unknown \\
  ro.hed.fm.vol=unknown \\
  ro.hed.key.vol=108,132,156,180,204,228,252 \\
  ro.hed.media.vol=unknown \\
  ro.hed.ring.vol=unknown \\
  ro.hed.sph.vol=unknown \\
  ro.hed.tv.vol=unknown \\
  ro.hnd.analog.audio.max=unknown \\
  ro.hnd.fm.vol=unknown \\
  ro.hnd.key.vol=108,132,156,180,204,228,252 \\
  ro.hnd.media.vol=unknown \\
  ro.hnd.ring.vol=unknown \\
  ro.hnd.sph.vol=unknown \\
  ro.hnd.tv.vol=unknown \\
  ro.idle.hed.mic=unknown \\
  ro.idle.hnd.mic=unknown \\
  ro.idle.nor.mic=unknown \\
  ro.incoming_ledcolor=Green \\
  ro.install.location=0 \\
  ro.install.nonmarket.switch=no \\
  ro.kernel.zio=38,108,105,16 \\
  ro.keyboard.vibrate.value=40 \\
  ro.keytest_func_name=FUNC1,FUNC2 \\
  ro.kw.storage.ui=0 \\
  ro.kwu1.nav_or_realbtn=virtual \\
  ro.kwu1.setting=2 \\
  ro.launcher.activityname=AGOLD_EMPTY \\
  ro.launcher.packagename=AGOLD_EMPTY \\
  ro.locale_update_first_sim=yes \\
  ro.lock.qs.enabled=yes \\
  ro.lockscreen.sound=no \\
  ro.low_battery_led=yes \\
  ro.media.maxmem=500000000 \\
  ro.mediatek.chip_ver=S01 \\
  ro.mediatek.platform=MT6757 \\
  ro.mediatek.project.path=device/ulefone/t1 \\
  ro.mediatek.version.branch=alps-mp-n0.mp5 \\
  ro.mediatek.version.sdk=4 \\
  ro.mediatek.wlan.p2p=1 \\
  ro.mediatek.wlan.wsc=1 \\
  ro.meiguo.battery.mode=15 \\
  ro.meiguo.bb.name=not_custom \\
  ro.meiguo.remove.meid=no \\
  ro.miss_call_ledcolor=Green \\
  ro.mtk.project.name=EVEN6753_65C_L1 \\
  ro.mtk.trustkernel_tee_support=1 \\
  ro.mtk_aal_support=1 \\
  ro.mtk_afw_support=1 \\
  ro.mtk_agps_app=1 \\
  ro.mtk_audio_tuning_tool_ver=V2.2 \\
  ro.mtk_besloudness_support=1 \\
  ro.mtk_bg_power_saving_support=1 \\
  ro.mtk_bg_power_saving_ui=1 \\
  ro.mtk_bip_scws=1 \\
  ro.mtk_blulight_def_support=1 \\
  ro.mtk_bt_support=1 \\
  ro.mtk_c2k_support=1 \\
  ro.mtk_cam_lomo_support=1 \\
  ro.mtk_cam_mfb_support=3 \\
  ro.mtk_cta_drm_support=1 \\
  ro.mtk_cta_set=1 \\
  ro.mtk_default_ime=com.android.inputmethod.latin.LatinIME \\
  ro.mtk_deinterlace_support=1 \\
  ro.mtk_dhcpv6c_wifi=1 \\
  ro.mtk_dialer_search_support=1 \\
  ro.mtk_dual_mic_support=1 \\
  ro.mtk_eap_sim_aka=1 \\
  ro.mtk_emmc_support=1 \\
  ro.mtk_enable_md1=1 \\
  ro.mtk_enable_md3=1 \\
  ro.mtk_external_sim_only_slots=0 \\
  ro.mtk_fd_support=1 \\
  ro.mtk_flight_mode_power_off_md=1 \\
  ro.mtk_gps_support=1 \\
  ro.mtk_is_tablet=0 \\
  ro.mtk_log_hide_gps=0 \\
  ro.mtk_lte_support=1 \\
  ro.mtk_md_world_mode_support=1 \\
  ro.mtk_miravision_support=1 \\
  ro.mtk_modem_monitor_support=1 \\
  ro.mtk_multiple_ims_support=1 \\
  ro.mtk_oma_drm_support=1 \\
  ro.mtk_omacp_support=1 \\
  ro.mtk_perf_fast_start_win=1 \\
  ro.mtk_perf_response_time=1 \\
  ro.mtk_perf_simple_start_win=1 \\
  ro.mtk_perfservice_support=1 \\
  ro.mtk_pow_perf_support=1 \\
  ro.mtk_pq_color_mode=1 \\
  ro.mtk_pq_support=2 \\
  ro.mtk_protocol1_rat_config=C/Lf/Lt/W/G \\
  ro.mtk_rild_read_imsi=1 \\
  ro.mtk_search_db_support=1 \\
  ro.mtk_send_rr_support=1 \\
  ro.mtk_shared_sdcard=1 \\
  ro.mtk_sim_hot_swap=1 \\
  ro.mtk_sim_hot_swap_common_slot=1 \\
  ro.mtk_slow_motion_support=1 \\
  ro.mtk_tetheringipv6_support=1 \\
  ro.mtk_vilte_ut_support=0 \\
  ro.mtk_wapi_support=1 \\
  ro.mtk_wappush_support=1 \\
  ro.mtk_wfd_sink_support=1 \\
  ro.mtk_wfd_sink_uibc_support=1 \\
  ro.mtk_wfd_support=1 \\
  ro.mtk_widevine_drm_l3_support=1 \\
  ro.mtk_wifi_mcc_support=1 \\
  ro.mtk_wlan_support=1 \\
  ro.mtk_world_phone_policy=0 \\
  ro.mtk_zsdhdr_support=1 \\
  ro.nav.gq=yes \\
  ro.navigationbar.add_hide=yes \\
  ro.nor.key.vol=108,132,156,180,204,228,252 \\
  ro.nor.sph.vol=unknown \\
  ro.nosignal.hideicons=yes \\
  ro.num_md_protocol=2 \\
  ro.oem_unlock_supported=1 \\
  ro.one.key.sos.mode=0 \\
  ro.only_china_geo=0 \\
  ro.opengles.version=196610 \\
  ro.other_notifi_ledcolor=Green \\
  ro.phone.min.num.match=7 \\
  ro.powerkey.function=0 \\
  ro.product.board=Ulefone_T1 \\
  ro.product.cpu.abi=arm64-v8a \\
  ro.product.cpu.abilist32=armeabi-v7a,armeabi \\
  ro.product.cpu.abilist64=arm64-v8a \\
  ro.product.cpu.abilist=arm64-v8a,armeabi-v7a,armeabi \\
  ro.product.device=t1 \\
  ro.product.first_api_level=24 \\
  ro.product.manufacturer=Ulefone \\
  ro.product.model=T1 \\
  ro.product.name=Ulefone_T1 \\
  ro.remove.displaysize=yes \\
  ro.remove.multiuser.switch=no \\
  ro.remove.rotation=yes \\
  ro.remove.suggestions=yes \\
  ro.remove.wifi.display=yes \\
  ro.restart.summary=yes \\
  ro.ril.disable.power.collapse=1 \\
  ro.roaming.reminder=-1 \\
  ro.screenoff.timout=30000 \\
  ro.scridle_ledcolor=None \\
  ro.sdcard_support=yes \\
  ro.secure=0 \\
  ro.serialno=BUINBM9TJ7CAYDG6 \\
  ro.setupwizard.mode=OPTIONAL \\
  ro.sf.hwrotation=180 \\
  ro.sf.lcd_density=480 \\
  ro.short.cut.settings=false \\
  ro.shortcut_flashlight=no \\
  ro.show.more.ringtone=1 \\
  ro.show.navigationbar=yes \\
  ro.signal.2g=-109,-103,-97,-89 \\
  ro.signal.3g=-110,-105,-100,-95 \\
  ro.signal.4g=-135,-130,-120,-105 \\
  ro.sim_me_lock_mode=0 \\
  ro.sim_refresh_reset_by_modem=1 \\
  ro.sip.receiver.call=no \\
  ro.smartpa.calib=yes \\
  ro.support.screen.record=yes \\
  ro.swich.short.cut.settings=false \\
  ro.sys.sdcardfs=1 \\
  ro.sys.usb.bicr=no \\
  ro.sys.usb.charging.only=yes \\
  ro.sys.usb.configfs=1 \\
  ro.sys.usb.mtp.whql.enable=0 \\
  ro.sys.usb.storage.type=mtp \\
  ro.telephony.gsm-routes-us-smsc=0 \\
  ro.telephony.call_ring.delay=0 \\
  ro.telephony.default_network=3\\
  ro.telephony.sim.count=2 \\
  ro.testmode.code_for_gq=yes \\
  ro.testmode.code_for_tee=yes \\
  ro.touch.sound=no \\
  ro.touch.vibrator.feed=yes \\
  ro.transition.animation=1 \\
  ro.translate.language=yes \\
  ro.turn.silent.settings=false \\
  ro.unread_notifi_ledcolor=Green \\
  ro.vibrate_when_ringing=yes \\
  ro.wifi.channels= \\
  ro.wifi.notification=no \\
  ro.wifi.sleepmode=2 \\
  ro.wifimac.tonvram=1 \\
  ro.zygote=zygote64_32 \\
  ro.zygote.preload.enable=0 \\
  service.wcn.coredump.mode=0 \\
  service.wcn.driver.ready=no \\
  sys.ipo.pwrdncap=2 \\
  telephony.lteOnCdmaDevice=1 \\
  wfd.dummy.enable=1 \\
  wfd.iframesize.level=0 \\
  wifi.direct.interface=p2p0 \\
  wifi.interface=wlan0 \\
  wifi.tethering.interface=ap0 \\
